max30100_for_stm32_hal.c:22:6:MAX30100_Init	16	static
max30100_for_stm32_hal.c:29:9:MAX30100_ReadReg	32	static
max30100_for_stm32_hal.c:36:6:MAX30100_WriteReg	32	static
max30100_for_stm32_hal.c:41:6:MAX30100_EnableInterrupt	32	static
max30100_for_stm32_hal.c:46:6:MAX30100_InterruptCallback	16	static
max30100_for_stm32_hal.c:65:6:MAX30100_SetMode	24	static
max30100_for_stm32_hal.c:81:6:MAX30100_SetSpO2SampleRate	24	static
max30100_for_stm32_hal.c:87:6:MAX30100_SetLEDPulseWidth	24	static
max30100_for_stm32_hal.c:92:6:MAX30100_SetLEDCurrent	16	static
max30100_for_stm32_hal.c:98:6:MAX30100_ClearFIFO	8	static
max30100_for_stm32_hal.c:104:6:MAX30100_ReadFIFO	88	static
max30100_for_stm32_hal.c:119:7:MAX30100_ReadTemperature	24	static
max30100_for_stm32_hal.c:125:6:MAX30100_PlotTemperatureToUART	40	static
max30100_for_stm32_hal.c:133:6:MAX30100_PlotIrToUART	40	static
max30100_for_stm32_hal.c:141:6:MAX30100_PlotBothToUART	48	static
max30100_for_stm32_hal.c:149:6:MAX30100_Stop	8	static
max30100_for_stm32_hal.c:155:6:MAX30100_Pause	8	static
max30100_for_stm32_hal.c:163:6:MAX30100_Resume	8	static
