Archive member included to satisfy reference by file (symbol)

/opt/st/stm32cubeide_1.4.0/plugins/com.st.stm32cube.ide.mcu.externaltools.gnu-tools-for-stm32.7-2018-q2-update.linux64_1.4.0.202007081208/tools/bin/../lib/gcc/arm-none-eabi/7.3.1/../../../../arm-none-eabi/lib/thumb/v7e-m/fpv4-sp/hard/libc_nano.a(lib_a-errno.o)
                              Core/Src/retarget.o (__errno)
/opt/st/stm32cubeide_1.4.0/plugins/com.st.stm32cube.ide.mcu.externaltools.gnu-tools-for-stm32.7-2018-q2-update.linux64_1.4.0.202007081208/tools/bin/../lib/gcc/arm-none-eabi/7.3.1/../../../../arm-none-eabi/lib/thumb/v7e-m/fpv4-sp/hard/libc_nano.a(lib_a-exit.o)
                              /opt/st/stm32cubeide_1.4.0/plugins/com.st.stm32cube.ide.mcu.externaltools.gnu-tools-for-stm32.7-2018-q2-update.linux64_1.4.0.202007081208/tools/bin/../lib/gcc/arm-none-eabi/7.3.1/../../../../arm-none-eabi/lib/thumb/v7e-m/fpv4-sp/hard/crt0.o (exit)
/opt/st/stm32cubeide_1.4.0/plugins/com.st.stm32cube.ide.mcu.externaltools.gnu-tools-for-stm32.7-2018-q2-update.linux64_1.4.0.202007081208/tools/bin/../lib/gcc/arm-none-eabi/7.3.1/../../../../arm-none-eabi/lib/thumb/v7e-m/fpv4-sp/hard/libc_nano.a(lib_a-impure.o)
                              /opt/st/stm32cubeide_1.4.0/plugins/com.st.stm32cube.ide.mcu.externaltools.gnu-tools-for-stm32.7-2018-q2-update.linux64_1.4.0.202007081208/tools/bin/../lib/gcc/arm-none-eabi/7.3.1/../../../../arm-none-eabi/lib/thumb/v7e-m/fpv4-sp/hard/libc_nano.a(lib_a-exit.o) (_global_impure_ptr)
/opt/st/stm32cubeide_1.4.0/plugins/com.st.stm32cube.ide.mcu.externaltools.gnu-tools-for-stm32.7-2018-q2-update.linux64_1.4.0.202007081208/tools/bin/../lib/gcc/arm-none-eabi/7.3.1/../../../../arm-none-eabi/lib/thumb/v7e-m/fpv4-sp/hard/libc_nano.a(lib_a-init.o)
                              /opt/st/stm32cubeide_1.4.0/plugins/com.st.stm32cube.ide.mcu.externaltools.gnu-tools-for-stm32.7-2018-q2-update.linux64_1.4.0.202007081208/tools/bin/../lib/gcc/arm-none-eabi/7.3.1/../../../../arm-none-eabi/lib/thumb/v7e-m/fpv4-sp/hard/crt0.o (__libc_init_array)
/opt/st/stm32cubeide_1.4.0/plugins/com.st.stm32cube.ide.mcu.externaltools.gnu-tools-for-stm32.7-2018-q2-update.linux64_1.4.0.202007081208/tools/bin/../lib/gcc/arm-none-eabi/7.3.1/../../../../arm-none-eabi/lib/thumb/v7e-m/fpv4-sp/hard/libc_nano.a(lib_a-memset.o)
                              /opt/st/stm32cubeide_1.4.0/plugins/com.st.stm32cube.ide.mcu.externaltools.gnu-tools-for-stm32.7-2018-q2-update.linux64_1.4.0.202007081208/tools/bin/../lib/gcc/arm-none-eabi/7.3.1/../../../../arm-none-eabi/lib/thumb/v7e-m/fpv4-sp/hard/crt0.o (memset)
/opt/st/stm32cubeide_1.4.0/plugins/com.st.stm32cube.ide.mcu.externaltools.gnu-tools-for-stm32.7-2018-q2-update.linux64_1.4.0.202007081208/tools/bin/../lib/gcc/arm-none-eabi/7.3.1/../../../../arm-none-eabi/lib/thumb/v7e-m/fpv4-sp/hard/libc_nano.a(lib_a-printf.o)
                              Core/Src/main.o (printf)
/opt/st/stm32cubeide_1.4.0/plugins/com.st.stm32cube.ide.mcu.externaltools.gnu-tools-for-stm32.7-2018-q2-update.linux64_1.4.0.202007081208/tools/bin/../lib/gcc/arm-none-eabi/7.3.1/../../../../arm-none-eabi/lib/thumb/v7e-m/fpv4-sp/hard/libc_nano.a(lib_a-puts.o)
                              Core/Src/main.o (puts)
/opt/st/stm32cubeide_1.4.0/plugins/com.st.stm32cube.ide.mcu.externaltools.gnu-tools-for-stm32.7-2018-q2-update.linux64_1.4.0.202007081208/tools/bin/../lib/gcc/arm-none-eabi/7.3.1/../../../../arm-none-eabi/lib/thumb/v7e-m/fpv4-sp/hard/libc_nano.a(lib_a-setvbuf.o)
                              Core/Src/retarget.o (setvbuf)
/opt/st/stm32cubeide_1.4.0/plugins/com.st.stm32cube.ide.mcu.externaltools.gnu-tools-for-stm32.7-2018-q2-update.linux64_1.4.0.202007081208/tools/bin/../lib/gcc/arm-none-eabi/7.3.1/../../../../arm-none-eabi/lib/thumb/v7e-m/fpv4-sp/hard/libc_nano.a(lib_a-wbuf.o)
                              /opt/st/stm32cubeide_1.4.0/plugins/com.st.stm32cube.ide.mcu.externaltools.gnu-tools-for-stm32.7-2018-q2-update.linux64_1.4.0.202007081208/tools/bin/../lib/gcc/arm-none-eabi/7.3.1/../../../../arm-none-eabi/lib/thumb/v7e-m/fpv4-sp/hard/libc_nano.a(lib_a-puts.o) (__swbuf_r)
/opt/st/stm32cubeide_1.4.0/plugins/com.st.stm32cube.ide.mcu.externaltools.gnu-tools-for-stm32.7-2018-q2-update.linux64_1.4.0.202007081208/tools/bin/../lib/gcc/arm-none-eabi/7.3.1/../../../../arm-none-eabi/lib/thumb/v7e-m/fpv4-sp/hard/libc_nano.a(lib_a-wsetup.o)
                              /opt/st/stm32cubeide_1.4.0/plugins/com.st.stm32cube.ide.mcu.externaltools.gnu-tools-for-stm32.7-2018-q2-update.linux64_1.4.0.202007081208/tools/bin/../lib/gcc/arm-none-eabi/7.3.1/../../../../arm-none-eabi/lib/thumb/v7e-m/fpv4-sp/hard/libc_nano.a(lib_a-puts.o) (__swsetup_r)
/opt/st/stm32cubeide_1.4.0/plugins/com.st.stm32cube.ide.mcu.externaltools.gnu-tools-for-stm32.7-2018-q2-update.linux64_1.4.0.202007081208/tools/bin/../lib/gcc/arm-none-eabi/7.3.1/../../../../arm-none-eabi/lib/thumb/v7e-m/fpv4-sp/hard/libc_nano.a(lib_a-fflush.o)
[...]
Memory Configuration

Name             Origin             Length             Attributes
RAM              0x0000000020000000 0x0000000000018000 xrw
RAM2             0x0000000010000000 0x0000000000008000 xrw
FLASH            0x0000000008000000 0x0000000000100000 xr
*default*        0x0000000000000000 0xffffffffffffffff

Linker script and memory map

LOAD /opt/st/stm32cubeide_1.4.0/plugins/com.st.stm32cube.ide.mcu.externaltools.gnu-tools-for-stm32.7-2018-q2-update.linux64_1.4.0.202007081208/tools/bin/../lib/gcc/arm-none-eabi/7.3.1/thumb/v7e-m/fpv4-sp/hard/crti.o
LOAD /opt/st/stm32cubeide_1.4.0/plugins/com.st.stm32cube.ide.mcu.externaltools.gnu-tools-for-stm32.7-2018-q2-update.linux64_1.4.0.202007081208/tools/bin/../lib/gcc/arm-none-eabi/7.3.1/thumb/v7e-m/fpv4-sp/hard/crtbegin.o
LOAD /opt/st/stm32cubeide_1.4.0/plugins/com.st.stm32cube.ide.mcu.externaltools.gnu-tools-for-stm32.7-2018-q2-update.linux64_1.4.0.202007081208/tools/bin/../lib/gcc/arm-none-eabi/7.3.1/../../../../arm-none-eabi/lib/thumb/v7e-m/fpv4-sp/hard/crt0.o
LOAD Core/Src/main.o
LOAD Core/Src/retarget.o
LOAD Core/Src/stm32l4xx_hal_msp.o
LOAD Core/Src/stm32l4xx_it.o
LOAD Core/Src/system_stm32l4xx.o
LOAD Core/Startup/startup_stm32l475vgtx.o
LOAD Drivers/STM32L4xx_HAL_Driver/Src/stm32l4xx_hal.o
LOAD Drivers/STM32L4xx_HAL_Driver/Src/stm32l4xx_hal_adc.o
LOAD Drivers/STM32L4xx_HAL_Driver/Src/stm32l4xx_hal_adc_ex.o
LOAD Drivers/STM32L4xx_HAL_Driver/Src/stm32l4xx_hal_cortex.o
LOAD Drivers/STM32L4xx_HAL_Driver/Src/stm32l4xx_hal_dma.o
LOAD Drivers/STM32L4xx_HAL_Driver/Src/stm32l4xx_hal_dma_ex.o
LOAD Drivers/STM32L4xx_HAL_Driver/Src/stm32l4xx_hal_exti.o
LOAD Drivers/STM32L4xx_HAL_Driver/Src/stm32l4xx_hal_flash.o
LOAD Drivers/STM32L4xx_HAL_Driver/Src/stm32l4xx_hal_flash_ex.o
LOAD Drivers/STM32L4xx_HAL_Driver/Src/stm32l4xx_hal_flash_ramfunc.o
LOAD Drivers/STM32L4xx_HAL_Driver/Src/stm32l4xx_hal_gpio.o
LOAD Drivers/STM32L4xx_HAL_Driver/Src/stm32l4xx_hal_i2c.o
LOAD Drivers/STM32L4xx_HAL_Driver/Src/stm32l4xx_hal_i2c_ex.o
LOAD Drivers/STM32L4xx_HAL_Driver/Src/stm32l4xx_hal_pwr.o
LOAD Drivers/STM32L4xx_HAL_Driver/Src/stm32l4xx_hal_pwr_ex.o
LOAD Drivers/STM32L4xx_HAL_Driver/Src/stm32l4xx_hal_rcc.o
LOAD Drivers/STM32L4xx_HAL_Driver/Src/stm32l4xx_hal_rcc_ex.o
LOAD Drivers/STM32L4xx_HAL_Driver/Src/stm32l4xx_hal_tim.o
LOAD Drivers/STM32L4xx_HAL_Driver/Src/stm32l4xx_hal_tim_ex.o
LOAD Drivers/STM32L4xx_HAL_Driver/Src/stm32l4xx_hal_uart.o
LOAD Drivers/STM32L4xx_HAL_Driver/Src/stm32l4xx_hal_uart_ex.o
START GROUP
LOAD /opt/st/stm32cubeide_1.4.0/plugins/com.st.stm32cube.ide.mcu.externaltools.gnu-tools-for-stm32.7-2018-q2-update.linux64_1.4.0.202007081208/tools/bin/../lib/gcc/arm-none-eabi/7.3.1/../../../../arm-none-eabi/lib/thumb/v7e-m/fpv4-sp/hard/libc_nano.a
LOAD /opt/st/stm32cubeide_1.4.0/plugins/com.st.stm32cube.ide.mcu.externaltools.gnu-tools-for-stm32.7-2018-q2-update.linux64_1.4.0.202007081208/tools/bin/../lib/gcc/arm-none-eabi/7.3.1/../../../../arm-none-eabi/lib/thumb/v7e-m/fpv4-sp/hard/libm.a
END GROUP
START GROUP
LOAD /opt/st/stm32cubeide_1.4.0/plugins/com.st.stm32cube.ide.mcu.externaltools.gnu-tools-for-stm32.7-2018-q2-update.linux64_1.4.0.202007081208/tools/bin/../lib/gcc/arm-none-eabi/7.3.1/thumb/v7e-m/fpv4-sp/hard/libgcc.a
LOAD /opt/st/stm32cubeide_1.4.0/plugins/com.st.stm32cube.ide.mcu.externaltools.gnu-tools-for-stm32.7-2018-q2-update.linux64_1.4.0.202007081208/tools/bin/../lib/gcc/arm-none-eabi/7.3.1/../../../../arm-none-eabi/lib/thumb/v7e-m/fpv4-sp/hard/libc_nano.a
END GROUP
START GROUP
LOAD /opt/st/stm32cubeide_1.4.0/plugins/com.st.stm32cube.ide.mcu.externaltools.gnu-tools-for-stm32.7-2018-q2-update.linux64_1.4.0.202007081208/tools/bin/../lib/gcc/arm-none-eabi/7.3.1/thumb/v7e-m/fpv4-sp/hard/libgcc.a
LOAD /opt/st/stm32cubeide_1.4.0/plugins/com.st.stm32cube.ide.mcu.externaltools.gnu-tools-for-stm32.7-2018-q2-update.linux64_1.4.0.202007081208/tools/bin/../lib/gcc/arm-none-eabi/7.3.1/../../../../arm-none-eabi/lib/thumb/v7e-m/fpv4-sp/hard/libc_nano.a
LOAD /opt/st/stm32cubeide_1.4.0/plugins/com.st.stm32cube.ide.mcu.externaltools.gnu-tools-for-stm32.7-2018-q2-update.linux64_1.4.0.202007081208/tools/bin/../lib/gcc/arm-none-eabi/7.3.1/../../../../arm-none-eabi/lib/thumb/v7e-m/fpv4-sp/hard/libnosys.a
END GROUP
START GROUP
LOAD /opt/st/stm32cubeide_1.4.0/plugins/com.st.stm32cube.ide.mcu.externaltools.gnu-tools-for-stm32.7-2018-q2-update.linux64_1.4.0.202007081208/tools/bin/../lib/gcc/arm-none-eabi/7.3.1/thumb/v7e-m/fpv4-sp/hard/libgcc.a
LOAD /opt/st/stm32cubeide_1.4.0/plugins/com.st.stm32cube.ide.mcu.externaltools.gnu-tools-for-stm32.7-2018-q2-update.linux64_1.4.0.202007081208/tools/bin/../lib/gcc/arm-none-eabi/7.3.1/../../../../arm-none-eabi/lib/thumb/v7e-m/fpv4-sp/hard/libc_nano.a
LOAD /opt/st/stm32cubeide_1.4.0/plugins/com.st.stm32cube.ide.mcu.externaltools.gnu-tools-for-stm32.7-2018-q2-update.linux64_1.4.0.202007081208/tools/bin/../lib/gcc/arm-none-eabi/7.3.1/../../../../arm-none-eabi/lib/thumb/v7e-m/fpv4-sp/hard/libnosys.a
END GROUP
LOAD /opt/st/stm32cubeide_1.4.0/plugins/com.st.stm32cube.ide.mcu.externaltools.gnu-tools-for-stm32.7-2018-q2-update.linux64_1.4.0.202007081208/tools/bin/../lib/gcc/arm-none-eabi/7.3.1/thumb/v7e-m/fpv4-sp/hard/crtend.o
LOAD /opt/st/stm32cubeide_1.4.0/plugins/com.st.stm32cube.ide.mcu.externaltools.gnu-tools-for-stm32.7-2018-q2-update.linux64_1.4.0.202007081208/tools/bin/../lib/gcc/arm-none-eabi/7.3.1/thumb/v7e-m/fpv4-sp/hard/crtn.o
                0x0000000020018000                _estack = (ORIGIN (RAM) + LENGTH (RAM))
                0x0000000000000200                _Min_Heap_Size = 0x200
                0x0000000000000400                _Min_Stack_Size = 0x400

.isr_vector     0x0000000008000000      0x188
                0x0000000008000000                . = ALIGN (0x4)
 *(.isr_vector)
 .isr_vector    0x0000000008000000      0x188 Core/Startup/startup_stm32l475vgtx.o
                0x0000000008000000                g_pfnVectors
                0x0000000008000188                . = ALIGN (0x4)

.text           0x0000000008000190     0x5a00
                0x0000000008000190                . = ALIGN (0x4)
 *(.text)
 .text          0x0000000008000190       0x40 /opt/st/stm32cubeide_1.4.0/plugins/com.st.stm32cube.ide.mcu.externaltools.gnu-tools-for-stm32.7-2018-q2-update.linux64_1.4.0.202007081208/tools/bin/../lib/gcc/arm-none-eabi/7.3.1/thumb/v7e-m/fpv4-sp/hard/crtbegin.o
 .text          0x00000000080001d0       0xa0 /opt/st/stm32cubeide_1.4.0/plugins/com.st.stm32cube.ide.mcu.externaltools.gnu-tools-for-stm32.7-2018-q2-update.linux64_1.4.0.202007081208/tools/bin/../lib/gcc/arm-none-eabi/7.3.1/../../../../arm-none-eabi/lib/thumb/v7e-m/fpv4-sp/hard/libc_nano.a(lib_a-memchr.o)
                0x00000000080001d0                memchr
 .text          0x0000000008000270       0x30 /opt/st/stm32cubeide_1.4.0/plugins/com.st.stm32cube.ide.mcu.externaltools.gnu-tools-for-stm32.7-2018-q2-update.linux64_1.4.0.202007081208/tools/bin/../lib/gcc/arm-none-eabi/7.3.1/thumb/v7e-m/fpv4-sp/hard/libgcc.a(_aeabi_uldivmod.o)
                0x0000000008000270                __aeabi_uldivmod
 .text          0x00000000080002a0      0x2cc /opt/st/stm32cubeide_1.4.0/plugins/com.st.stm32cube.ide.mcu.externaltools.gnu-tools-for-stm32.7-2018-q2-update.linux64_1.4.0.202007081208/tools/bin/../lib/gcc/arm-none-eabi/7.3.1/thumb/v7e-m/fpv4-sp/hard/libgcc.a(_udivmoddi4.o)
                0x00000000080002a0                __udivmoddi4
 .text          0x000000000800056c        0x4 /opt/st/stm32cubeide_1.4.0/plugins/com.st.stm32cube.ide.mcu.externaltools.gnu-tools-for-stm32.7-2018-q2-update.linux64_1.4.0.202007081208/tools/bin/../lib/gcc/arm-none-eabi/7.3.1/thumb/v7e-m/fpv4-sp/hard/libgcc.a(_dvmd_tls.o)
                0x000000000800056c                __aeabi_ldiv0
                0x000000000800056c                __aeabi_idiv0
 *(.text*)
 .text.main     0x0000000008000570       0x68 Core/Src/main.o
                0x0000000008000570                main
 .text.SystemClock_Config
                0x00000000080005d8      0x10c Core/Src/main.o
                0x00000000080005d8                SystemClock_Config
 .text.MX_ADC1_Init
                0x00000000080006e4       0xec Core/Src/main.o
 .text.MX_USART1_UART_Init
                0x00000000080007d0       0x60 Core/Src/main.o
 .text.MX_GPIO_Init
                0x0000000008000830       0x84 Core/Src/main.o
 .text.Error_Handler
                0x00000000080008b4        0xe Core/Src/main.o
                0x00000000080008b4                Error_Handler
 *fill*         0x00000000080008c2        0x2 
 .text.RetargetInit
                0x00000000080008c4       0x30 Core/Src/retarget.o
                0x00000000080008c4                RetargetInit
 .text._isatty  0x00000000080008f4       0x2c Core/Src/retarget.o
                0x00000000080008f4                _isatty
 .text._write   0x0000000008000920       0x58 Core/Src/retarget.o
                0x0000000008000920                _write
 .text._close   0x0000000008000978       0x2e Core/Src/retarget.o
                0x0000000008000978                _close
 .text._lseek   0x00000000080009a6       0x22 Core/Src/retarget.o
                0x00000000080009a6                _lseek
 .text._read    0x00000000080009c8       0x50 Core/Src/retarget.o
                0x00000000080009c8                _read
 .text._fstat   0x0000000008000a18       0x36 Core/Src/retarget.o
                0x0000000008000a18                _fstat
 *fill*         0x0000000008000a4e        0x2 
 .text.HAL_MspInit
                0x0000000008000a50       0x48 Core/Src/stm32l4xx_hal_msp.o
                0x0000000008000a50                HAL_MspInit
 .text.HAL_ADC_MspInit
                0x0000000008000a98       0x7c Core/Src/stm32l4xx_hal_msp.o
                0x0000000008000a98                HAL_ADC_MspInit
 .text.HAL_UART_MspInit
                0x0000000008000b14       0x88 Core/Src/stm32l4xx_hal_msp.o
                0x0000000008000b14                HAL_UART_MspInit
 .text.NMI_Handler
                0x0000000008000b9c        0xe Core/Src/stm32l4xx_it.o
                0x0000000008000b9c                NMI_Handler
 .text.HardFault_Handler
                0x0000000008000baa        0x6 Core/Src/stm32l4xx_it.o
                0x0000000008000baa                HardFault_Handler
 .text.MemManage_Handler
                0x0000000008000bb0        0x6 Core/Src/stm32l4xx_it.o
                0x0000000008000bb0                MemManage_Handler
 .text.BusFault_Handler
                0x0000000008000bb6        0x6 Core/Src/stm32l4xx_it.o
                0x0000000008000bb6                BusFault_Handler
 .text.UsageFault_Handler
                0x0000000008000bbc        0x6 Core/Src/stm32l4xx_it.o
                0x0000000008000bbc                UsageFault_Handler
 .text.SVC_Handler
                0x0000000008000bc2        0xe Core/Src/stm32l4xx_it.o
                0x0000000008000bc2                SVC_Handler
 .text.DebugMon_Handler
                0x0000000008000bd0        0xe Core/Src/stm32l4xx_it.o
                0x0000000008000bd0                DebugMon_Handler
 .text.PendSV_Handler
                0x0000000008000bde        0xe Core/Src/stm32l4xx_it.o
                0x0000000008000bde                PendSV_Handler
 .text.SysTick_Handler
                0x0000000008000bec        0xe Core/Src/stm32l4xx_it.o
                0x0000000008000bec                SysTick_Handler
 *fill*         0x0000000008000bfa        0x2 
 .text.SystemInit
                0x0000000008000bfc       0x6c Core/Src/system_stm32l4xx.o
                0x0000000008000bfc                SystemInit
 .text.Reset_Handler
                0x0000000008000c68       0x50 Core/Startup/startup_stm32l475vgtx.o
                0x0000000008000c68                Reset_Handler
 .text.Default_Handler
                0x0000000008000cb8        0x2 Core/Startup/startup_stm32l475vgtx.o
                0x0000000008000cb8                RTC_Alarm_IRQHandler
                0x0000000008000cb8                EXTI2_IRQHandler
                0x0000000008000cb8                TIM8_TRG_COM_IRQHandler
                0x0000000008000cb8                TIM8_CC_IRQHandler
                0x0000000008000cb8                TIM1_CC_IRQHandler
                0x0000000008000cb8                TSC_IRQHandler
                0x0000000008000cb8                TAMP_STAMP_IRQHandler
                0x0000000008000cb8                EXTI3_IRQHandler
                0x0000000008000cb8                LPTIM2_IRQHandler
                0x0000000008000cb8                DFSDM1_FLT1_IRQHandler
                0x0000000008000cb8                I2C3_ER_IRQHandler
                0x0000000008000cb8                DFSDM1_FLT2_IRQHandler
                0x0000000008000cb8                EXTI0_IRQHandler
                0x0000000008000cb8                I2C2_EV_IRQHandler
                0x0000000008000cb8                CAN1_RX0_IRQHandler
                0x0000000008000cb8                FPU_IRQHandler
                0x0000000008000cb8                TIM1_UP_TIM16_IRQHandler
                0x0000000008000cb8                ADC1_2_IRQHandler
                0x0000000008000cb8                SPI1_IRQHandler
                0x0000000008000cb8                TIM6_DAC_IRQHandler
                0x0000000008000cb8                TIM8_UP_IRQHandler
                0x0000000008000cb8                DMA2_Channel2_IRQHandler
                0x0000000008000cb8                DMA1_Channel4_IRQHandler
                0x0000000008000cb8                SAI2_IRQHandler
                0x0000000008000cb8                DFSDM1_FLT3_IRQHandler
                0x0000000008000cb8                USART3_IRQHandler
                0x0000000008000cb8                DMA1_Channel7_IRQHandler
                0x0000000008000cb8                CAN1_RX1_IRQHandler
                0x0000000008000cb8                UART5_IRQHandler
                0x0000000008000cb8                ADC3_IRQHandler
                0x0000000008000cb8                TIM4_IRQHandler
                0x0000000008000cb8                DMA2_Channel1_IRQHandler
                0x0000000008000cb8                QUADSPI_IRQHandler
                0x0000000008000cb8                I2C1_EV_IRQHandler
                0x0000000008000cb8                DMA1_Channel6_IRQHandler
                0x0000000008000cb8                UART4_IRQHandler
                0x0000000008000cb8                DMA2_Channel4_IRQHandler
                0x0000000008000cb8                TIM3_IRQHandler
                0x0000000008000cb8                RCC_IRQHandler
                0x0000000008000cb8                DMA1_Channel1_IRQHandler
                0x0000000008000cb8                Default_Handler
                0x0000000008000cb8                DMA2_Channel7_IRQHandler
                0x0000000008000cb8                EXTI15_10_IRQHandler
                0x0000000008000cb8                TIM7_IRQHandler
                0x0000000008000cb8                SDMMC1_IRQHandler
                0x0000000008000cb8                TIM5_IRQHandler
                0x0000000008000cb8                I2C3_EV_IRQHandler
                0x0000000008000cb8                EXTI9_5_IRQHandler
                0x0000000008000cb8                RTC_WKUP_IRQHandler
                0x0000000008000cb8                PVD_PVM_IRQHandler
                0x0000000008000cb8                SPI2_IRQHandler
                0x0000000008000cb8                CAN1_TX_IRQHandler
                0x0000000008000cb8                DMA2_Channel5_IRQHandler
                0x0000000008000cb8                DMA1_Channel5_IRQHandler
                0x0000000008000cb8                EXTI4_IRQHandler
                0x0000000008000cb8                RNG_IRQHandler
                0x0000000008000cb8                TIM1_TRG_COM_TIM17_IRQHandler
                0x0000000008000cb8                DMA1_Channel3_IRQHandler
                0x0000000008000cb8                COMP_IRQHandler
                0x0000000008000cb8                WWDG_IRQHandler
                0x0000000008000cb8                LPUART1_IRQHandler
                0x0000000008000cb8                DMA2_Channel6_IRQHandler
                0x0000000008000cb8                TIM2_IRQHandler
                0x0000000008000cb8                EXTI1_IRQHandler
                0x0000000008000cb8                USART2_IRQHandler
                0x0000000008000cb8                DFSDM1_FLT0_IRQHandler
                0x0000000008000cb8                I2C2_ER_IRQHandler
                0x0000000008000cb8                DMA1_Channel2_IRQHandler
                0x0000000008000cb8                TIM8_BRK_IRQHandler
                0x0000000008000cb8                CAN1_SCE_IRQHandler
                0x0000000008000cb8                FLASH_IRQHandler
                0x0000000008000cb8                USART1_IRQHandler
                0x0000000008000cb8                OTG_FS_IRQHandler
                0x0000000008000cb8                SPI3_IRQHandler
                0x0000000008000cb8                I2C1_ER_IRQHandler
                0x0000000008000cb8                FMC_IRQHandler
                0x0000000008000cb8                SWPMI1_IRQHandler
                0x0000000008000cb8                LPTIM1_IRQHandler
                0x0000000008000cb8                SAI1_IRQHandler
                0x0000000008000cb8                DMA2_Channel3_IRQHandler
                0x0000000008000cb8                TIM1_BRK_TIM15_IRQHandler
 .text.HAL_Init
                0x0000000008000cba       0x30 Drivers/STM32L4xx_HAL_Driver/Src/stm32l4xx_hal.o
                0x0000000008000cba                HAL_Init
 *fill*         0x0000000008000cea        0x2 
 .text.HAL_InitTick
                0x0000000008000cec       0x78 Drivers/STM32L4xx_HAL_Driver/Src/stm32l4xx_hal.o
                0x0000000008000cec                HAL_InitTick
 .text.HAL_GetTick
                0x0000000008000d64       0x18 Drivers/STM32L4xx_HAL_Driver/Src/stm32l4xx_hal.o
                0x0000000008000d64                HAL_GetTick
 .text.HAL_Delay
                0x0000000008000d7c       0x44 Drivers/STM32L4xx_HAL_Driver/Src/stm32l4xx_hal.o
                0x0000000008000d7c                HAL_Delay
 .text.LL_ADC_SetCommonClock
                0x0000000008000dc0       0x26 Drivers/STM32L4xx_HAL_Driver/Src/stm32l4xx_hal_adc.o
 .text.LL_ADC_SetCommonPathInternalCh
                0x0000000008000de6       0x26 Drivers/STM32L4xx_HAL_Driver/Src/stm32l4xx_hal_adc.o
 .text.LL_ADC_GetCommonPathInternalCh
                0x0000000008000e0c       0x1c Drivers/STM32L4xx_HAL_Driver/Src/stm32l4xx_hal_adc.o
 .text.LL_ADC_SetOffset
                0x0000000008000e28       0x48 Drivers/STM32L4xx_HAL_Driver/Src/stm32l4xx_hal_adc.o
 .text.LL_ADC_GetOffsetChannel
                0x0000000008000e70       0x2c Drivers/STM32L4xx_HAL_Driver/Src/stm32l4xx_hal_adc.o
 .text.LL_ADC_SetOffsetState
                0x0000000008000e9c       0x36 Drivers/STM32L4xx_HAL_Driver/Src/stm32l4xx_hal_adc.o
 .text.LL_ADC_REG_IsTriggerSourceSWStart
                0x0000000008000ed2       0x26 Drivers/STM32L4xx_HAL_Driver/Src/stm32l4xx_hal_adc.o
 .text.LL_ADC_REG_SetSequencerRanks
                0x0000000008000ef8       0x58 Drivers/STM32L4xx_HAL_Driver/Src/stm32l4xx_hal_adc.o
 .text.LL_ADC_SetChannelSamplingTime
                0x0000000008000f50       0x56 Drivers/STM32L4xx_HAL_Driver/Src/stm32l4xx_hal_adc.o
 *fill*         0x0000000008000fa6        0x2 
 .text.LL_ADC_SetChannelSingleDiff
                0x0000000008000fa8       0x48 Drivers/STM32L4xx_HAL_Driver/Src/stm32l4xx_hal_adc.o
 .text.LL_ADC_GetMultimode
                0x0000000008000ff0       0x1c Drivers/STM32L4xx_HAL_Driver/Src/stm32l4xx_hal_adc.o
 .text.LL_ADC_GetMultiDMATransfer
                0x000000000800100c       0x1c Drivers/STM32L4xx_HAL_Driver/Src/stm32l4xx_hal_adc.o
 .text.LL_ADC_DisableDeepPowerDown
                0x0000000008001028       0x24 Drivers/STM32L4xx_HAL_Driver/Src/stm32l4xx_hal_adc.o
 .text.LL_ADC_IsDeepPowerDownEnabled
                0x000000000800104c       0x28 Drivers/STM32L4xx_HAL_Driver/Src/stm32l4xx_hal_adc.o
 .text.LL_ADC_EnableInternalRegulator
                0x0000000008001074       0x28 Drivers/STM32L4xx_HAL_Driver/Src/stm32l4xx_hal_adc.o
 .text.LL_ADC_IsInternalRegulatorEnabled
                0x000000000800109c       0x28 Drivers/STM32L4xx_HAL_Driver/Src/stm32l4xx_hal_adc.o
 .text.LL_ADC_Enable
                0x00000000080010c4       0x28 Drivers/STM32L4xx_HAL_Driver/Src/stm32l4xx_hal_adc.o
 .text.LL_ADC_Disable
                0x00000000080010ec       0x28 Drivers/STM32L4xx_HAL_Driver/Src/stm32l4xx_hal_adc.o
 .text.LL_ADC_IsEnabled
                0x0000000008001114       0x26 Drivers/STM32L4xx_HAL_Driver/Src/stm32l4xx_hal_adc.o
 .text.LL_ADC_IsDisableOngoing
                0x000000000800113a       0x26 Drivers/STM32L4xx_HAL_Driver/Src/stm32l4xx_hal_adc.o
 .text.LL_ADC_REG_StartConversion
                0x0000000008001160       0x28 Drivers/STM32L4xx_HAL_Driver/Src/stm32l4xx_hal_adc.o
 .text.LL_ADC_REG_StopConversion
                0x0000000008001188       0x28 Drivers/STM32L4xx_HAL_Driver/Src/stm32l4xx_hal_adc.o
 .text.LL_ADC_REG_IsConversionOngoing
                0x00000000080011b0       0x26 Drivers/STM32L4xx_HAL_Driver/Src/stm32l4xx_hal_adc.o
 .text.LL_ADC_INJ_StopConversion
                0x00000000080011d6       0x28 Drivers/STM32L4xx_HAL_Driver/Src/stm32l4xx_hal_adc.o
 .text.LL_ADC_INJ_IsConversionOngoing
                0x00000000080011fe       0x26 Drivers/STM32L4xx_HAL_Driver/Src/stm32l4xx_hal_adc.o
 .text.HAL_ADC_Init
                0x0000000008001224      0x2a8 Drivers/STM32L4xx_HAL_Driver/Src/stm32l4xx_hal_adc.o
                0x0000000008001224                HAL_ADC_Init
 .text.HAL_ADC_Start
                0x00000000080014cc      0x174 Drivers/STM32L4xx_HAL_Driver/Src/stm32l4xx_hal_adc.o
                0x00000000080014cc                HAL_ADC_Start
 .text.HAL_ADC_Stop
                0x0000000008001640       0x66 Drivers/STM32L4xx_HAL_Driver/Src/stm32l4xx_hal_adc.o
                0x0000000008001640                HAL_ADC_Stop
 *fill*         0x00000000080016a6        0x2 
 .text.HAL_ADC_PollForConversion
                0x00000000080016a8      0x1a0 Drivers/STM32L4xx_HAL_Driver/Src/stm32l4xx_hal_adc.o
                0x00000000080016a8                HAL_ADC_PollForConversion
 .text.HAL_ADC_GetValue
                0x0000000008001848       0x1a Drivers/STM32L4xx_HAL_Driver/Src/stm32l4xx_hal_adc.o
                0x0000000008001848                HAL_ADC_GetValue
 *fill*         0x0000000008001862        0x2 
 .text.HAL_ADC_ConfigChannel
                0x0000000008001864      0x7dc Drivers/STM32L4xx_HAL_Driver/Src/stm32l4xx_hal_adc.o
                0x0000000008001864                HAL_ADC_ConfigChannel
 .text.ADC_ConversionStop
                0x0000000008002040      0x168 Drivers/STM32L4xx_HAL_Driver/Src/stm32l4xx_hal_adc.o
                0x0000000008002040                ADC_ConversionStop
 .text.ADC_Enable
                0x00000000080021a8       0xb4 Drivers/STM32L4xx_HAL_Driver/Src/stm32l4xx_hal_adc.o
                0x00000000080021a8                ADC_Enable
 .text.ADC_Disable
                0x000000000800225c       0xb0 Drivers/STM32L4xx_HAL_Driver/Src/stm32l4xx_hal_adc.o
                0x000000000800225c                ADC_Disable
 .text.LL_ADC_IsEnabled
                0x000000000800230c       0x26 Drivers/STM32L4xx_HAL_Driver/Src/stm32l4xx_hal_adc_ex.o
 .text.LL_ADC_REG_IsConversionOngoing
                0x0000000008002332       0x26 Drivers/STM32L4xx_HAL_Driver/Src/stm32l4xx_hal_adc_ex.o
 .text.HAL_ADCEx_MultiModeConfigChannel
                0x0000000008002358      0x158 Drivers/STM32L4xx_HAL_Driver/Src/stm32l4xx_hal_adc_ex.o
                0x0000000008002358                HAL_ADCEx_MultiModeConfigChannel
 .text.__NVIC_SetPriorityGrouping
                0x00000000080024b0       0x48 Drivers/STM32L4xx_HAL_Driver/Src/stm32l4xx_hal_cortex.o
 .text.__NVIC_GetPriorityGrouping
                0x00000000080024f8       0x1c Drivers/STM32L4xx_HAL_Driver/Src/stm32l4xx_hal_cortex.o
 .text.__NVIC_SetPriority
                0x0000000008002514       0x54 Drivers/STM32L4xx_HAL_Driver/Src/stm32l4xx_hal_cortex.o
 .text.NVIC_EncodePriority
                0x0000000008002568       0x66 Drivers/STM32L4xx_HAL_Driver/Src/stm32l4xx_hal_cortex.o
 *fill*         0x00000000080025ce        0x2 
 .text.SysTick_Config
                0x00000000080025d0       0x44 Drivers/STM32L4xx_HAL_Driver/Src/stm32l4xx_hal_cortex.o
 .text.HAL_NVIC_SetPriorityGrouping
                0x0000000008002614       0x16 Drivers/STM32L4xx_HAL_Driver/Src/stm32l4xx_hal_cortex.o
                0x0000000008002614                HAL_NVIC_SetPriorityGrouping
 .text.HAL_NVIC_SetPriority
                0x000000000800262a       0x38 Drivers/STM32L4xx_HAL_Driver/Src/stm32l4xx_hal_cortex.o
                0x000000000800262a                HAL_NVIC_SetPriority
 .text.HAL_SYSTICK_Config
                0x0000000008002662       0x18 Drivers/STM32L4xx_HAL_Driver/Src/stm32l4xx_hal_cortex.o
                0x0000000008002662                HAL_SYSTICK_Config
 *fill*         0x000000000800267a        0x2 
 .text.HAL_GPIO_Init
                0x000000000800267c      0x350 Drivers/STM32L4xx_HAL_Driver/Src/stm32l4xx_hal_gpio.o
                0x000000000800267c                HAL_GPIO_Init
 .text.HAL_PWREx_GetVoltageRange
                0x00000000080029cc       0x1c Drivers/STM32L4xx_HAL_Driver/Src/stm32l4xx_hal_pwr_ex.o
                0x00000000080029cc                HAL_PWREx_GetVoltageRange
 .text.HAL_PWREx_ControlVoltageScaling
                0x00000000080029e8       0xac Drivers/STM32L4xx_HAL_Driver/Src/stm32l4xx_hal_pwr_ex.o
                0x00000000080029e8                HAL_PWREx_ControlVoltageScaling
 .text.HAL_RCC_OscConfig
                0x0000000008002a94      0x7cc Drivers/STM32L4xx_HAL_Driver/Src/stm32l4xx_hal_rcc.o
                0x0000000008002a94                HAL_RCC_OscConfig
 .text.HAL_RCC_ClockConfig
                0x0000000008003260      0x1c4 Drivers/STM32L4xx_HAL_Driver/Src/stm32l4xx_hal_rcc.o
                0x0000000008003260                HAL_RCC_ClockConfig
 .text.HAL_RCC_GetSysClockFreq
                0x0000000008003424      0x114 Drivers/STM32L4xx_HAL_Driver/Src/stm32l4xx_hal_rcc.o
                0x0000000008003424                HAL_RCC_GetSysClockFreq
 .text.HAL_RCC_GetHCLKFreq
                0x0000000008003538       0x18 Drivers/STM32L4xx_HAL_Driver/Src/stm32l4xx_hal_rcc.o
                0x0000000008003538                HAL_RCC_GetHCLKFreq
 .text.HAL_RCC_GetPCLK1Freq
                0x0000000008003550       0x2c Drivers/STM32L4xx_HAL_Driver/Src/stm32l4xx_hal_rcc.o
                0x0000000008003550                HAL_RCC_GetPCLK1Freq
 .text.HAL_RCC_GetPCLK2Freq
                0x000000000800357c       0x2c Drivers/STM32L4xx_HAL_Driver/Src/stm32l4xx_hal_rcc.o
                0x000000000800357c                HAL_RCC_GetPCLK2Freq
 .text.RCC_SetFlashLatencyFromMSIRange
                0x00000000080035a8       0xc0 Drivers/STM32L4xx_HAL_Driver/Src/stm32l4xx_hal_rcc.o
 .text.HAL_RCCEx_PeriphCLKConfig
                0x0000000008003668      0x5cc Drivers/STM32L4xx_HAL_Driver/Src/stm32l4xx_hal_rcc_ex.o
                0x0000000008003668                HAL_RCCEx_PeriphCLKConfig
 .text.RCCEx_PLLSAI1_Config
                0x0000000008003c34      0x1e0 Drivers/STM32L4xx_HAL_Driver/Src/stm32l4xx_hal_rcc_ex.o
 .text.RCCEx_PLLSAI2_Config
                0x0000000008003e14      0x1b4 Drivers/STM32L4xx_HAL_Driver/Src/stm32l4xx_hal_rcc_ex.o
 .text.HAL_UART_Init
                0x0000000008003fc8       0x9c Drivers/STM32L4xx_HAL_Driver/Src/stm32l4xx_hal_uart.o
                0x0000000008003fc8                HAL_UART_Init
 .text.HAL_UART_Transmit
                0x0000000008004064      0x126 Drivers/STM32L4xx_HAL_Driver/Src/stm32l4xx_hal_uart.o
                0x0000000008004064                HAL_UART_Transmit
 .text.HAL_UART_Receive
                0x000000000800418a      0x19a Drivers/STM32L4xx_HAL_Driver/Src/stm32l4xx_hal_uart.o
                0x000000000800418a                HAL_UART_Receive
 .text.UART_SetConfig
                0x0000000008004324      0x514 Drivers/STM32L4xx_HAL_Driver/Src/stm32l4xx_hal_uart.o
                0x0000000008004324                UART_SetConfig
 .text.UART_AdvFeatureConfig
                0x0000000008004838      0x144 Drivers/STM32L4xx_HAL_Driver/Src/stm32l4xx_hal_uart.o
                0x0000000008004838                UART_AdvFeatureConfig
 .text.UART_CheckIdleState
                0x000000000800497c       0x8a Drivers/STM32L4xx_HAL_Driver/Src/stm32l4xx_hal_uart.o
                0x000000000800497c                UART_CheckIdleState
 .text.UART_WaitOnFlagUntilTimeout
                0x0000000008004a06       0xf6 Drivers/STM32L4xx_HAL_Driver/Src/stm32l4xx_hal_uart.o
                0x0000000008004a06                UART_WaitOnFlagUntilTimeout
 .text.__errno  0x0000000008004afc        0xc /opt/st/stm32cubeide_1.4.0/plugins/com.st.stm32cube.ide.mcu.externaltools.gnu-tools-for-stm32.7-2018-q2-update.linux64_1.4.0.202007081208/tools/bin/../lib/gcc/arm-none-eabi/7.3.1/../../../../arm-none-eabi/lib/thumb/v7e-m/fpv4-sp/hard/libc_nano.a(lib_a-errno.o)
                0x0000000008004afc                __errno
 .text.__libc_init_array
                0x0000000008004b08       0x48 /opt/st/stm32cubeide_1.4.0/plugins/com.st.stm32cube.ide.mcu.externaltools.gnu-tools-for-stm32.7-2018-q2-update.linux64_1.4.0.202007081208/tools/bin/../lib/gcc/arm-none-eabi/7.3.1/../../../../arm-none-eabi/lib/thumb/v7e-m/fpv4-sp/hard/libc_nano.a(lib_a-init.o)
                0x0000000008004b08                __libc_init_array
 .text.memset   0x0000000008004b50       0x10 /opt/st/stm32cubeide_1.4.0/plugins/com.st.stm32cube.ide.mcu.externaltools.gnu-tools-for-stm32.7-2018-q2-update.linux64_1.4.0.202007081208/tools/bin/../lib/gcc/arm-none-eabi/7.3.1/../../../../arm-none-eabi/lib/thumb/v7e-m/fpv4-sp/hard/libc_nano.a(lib_a-memset.o)
                0x0000000008004b50                memset
 .text.printf   0x0000000008004b60       0x30 /opt/st/stm32cubeide_1.4.0/plugins/com.st.stm32cube.ide.mcu.externaltools.gnu-tools-for-stm32.7-2018-q2-update.linux64_1.4.0.202007081208/tools/bin/../lib/gcc/arm-none-eabi/7.3.1/../../../../arm-none-eabi/lib/thumb/v7e-m/fpv4-sp/hard/libc_nano.a(lib_a-printf.o)
                0x0000000008004b60                printf
                0x0000000008004b60                iprintf
 .text._puts_r  0x0000000008004b90       0xb8 /opt/st/stm32cubeide_1.4.0/plugins/com.st.stm32cube.ide.mcu.externaltools.gnu-tools-for-stm32.7-2018-q2-update.linux64_1.4.0.202007081208/tools/bin/../lib/gcc/arm-none-eabi/7.3.1/../../../../arm-none-eabi/lib/thumb/v7e-m/fpv4-sp/hard/libc_nano.a(lib_a-puts.o)
                0x0000000008004b90                _puts_r
 .text.puts     0x0000000008004c48       0x10 /opt/st/stm32cubeide_1.4.0/plugins/com.st.stm32cube.ide.mcu.externaltools.gnu-tools-for-stm32.7-2018-q2-update.linux64_1.4.0.202007081208/tools/bin/../lib/gcc/arm-none-eabi/7.3.1/../../../../arm-none-eabi/lib/thumb/v7e-m/fpv4-sp/hard/libc_nano.a(lib_a-puts.o)
                0x0000000008004c48                puts
 .text.setvbuf  0x0000000008004c58      0x15c /opt/st/stm32cubeide_1.4.0/plugins/com.st.stm32cube.ide.mcu.externaltools.gnu-tools-for-stm32.7-2018-q2-update.linux64_1.4.0.202007081208/tools/bin/../lib/gcc/arm-none-eabi/7.3.1/../../../../arm-none-eabi/lib/thumb/v7e-m/fpv4-sp/hard/libc_nano.a(lib_a-setvbuf.o)
                0x0000000008004c58                setvbuf
 .text.__swbuf_r
                0x0000000008004db4       0xa4 /opt/st/stm32cubeide_1.4.0/plugins/com.st.stm32cube.ide.mcu.externaltools.gnu-tools-for-stm32.7-2018-q2-update.linux64_1.4.0.202007081208/tools/bin/../lib/gcc/arm-none-eabi/7.3.1/../../../../arm-none-eabi/lib/thumb/v7e-m/fpv4-sp/hard/libc_nano.a(lib_a-wbuf.o)
                0x0000000008004db4                __swbuf_r
 .text.__swsetup_r
                0x0000000008004e58       0xdc /opt/st/stm32cubeide_1.4.0/plugins/com.st.stm32cube.ide.mcu.externaltools.gnu-tools-for-stm32.7-2018-q2-update.linux64_1.4.0.202007081208/tools/bin/../lib/gcc/arm-none-eabi/7.3.1/../../../../arm-none-eabi/lib/thumb/v7e-m/fpv4-sp/hard/libc_nano.a(lib_a-wsetup.o)
                0x0000000008004e58                __swsetup_r
 .text.__sflush_r
                0x0000000008004f34      0x10c /opt/st/stm32cubeide_1.4.0/plugins/com.st.stm32cube.ide.mcu.externaltools.gnu-tools-for-stm32.7-2018-q2-update.linux64_1.4.0.202007081208/tools/bin/../lib/gcc/arm-none-eabi/7.3.1/../../../../arm-none-eabi/lib/thumb/v7e-m/fpv4-sp/hard/libc_nano.a(lib_a-fflush.o)
                0x0000000008004f34                __sflush_r
 .text._fflush_r
                0x0000000008005040       0x54 /opt/st/stm32cubeide_1.4.0/plugins/com.st.stm32cube.ide.mcu.externaltools.gnu-tools-for-stm32.7-2018-q2-update.linux64_1.4.0.202007081208/tools/bin/../lib/gcc/arm-none-eabi/7.3.1/../../../../arm-none-eabi/lib/thumb/v7e-m/fpv4-sp/hard/libc_nano.a(lib_a-fflush.o)
                0x0000000008005040                _fflush_r
 .text.std      0x0000000008005094       0x48 /opt/st/stm32cubeide_1.4.0/plugins/com.st.stm32cube.ide.mcu.externaltools.gnu-tools-for-stm32.7-2018-q2-update.linux64_1.4.0.202007081208/tools/bin/../lib/gcc/arm-none-eabi/7.3.1/../../../../arm-none-eabi/lib/thumb/v7e-m/fpv4-sp/hard/libc_nano.a(lib_a-findfp.o)
 .text._cleanup_r
                0x00000000080050dc        0xc /opt/st/stm32cubeide_1.4.0/plugins/com.st.stm32cube.ide.mcu.externaltools.gnu-tools-for-stm32.7-2018-q2-update.linux64_1.4.0.202007081208/tools/bin/../lib/gcc/arm-none-eabi/7.3.1/../../../../arm-none-eabi/lib/thumb/v7e-m/fpv4-sp/hard/libc_nano.a(lib_a-findfp.o)
                0x00000000080050dc                _cleanup_r
 .text.__sfmoreglue
                0x00000000080050e8       0x2c /opt/st/stm32cubeide_1.4.0/plugins/com.st.stm32cube.ide.mcu.externaltools.gnu-tools-for-stm32.7-2018-q2-update.linux64_1.4.0.202007081208/tools/bin/../lib/gcc/arm-none-eabi/7.3.1/../../../../arm-none-eabi/lib/thumb/v7e-m/fpv4-sp/hard/libc_nano.a(lib_a-findfp.o)
                0x00000000080050e8                __sfmoreglue
 .text.__sinit  0x0000000008005114       0x60 /opt/st/stm32cubeide_1.4.0/plugins/com.st.stm32cube.ide.mcu.externaltools.gnu-tools-for-stm32.7-2018-q2-update.linux64_1.4.0.202007081208/tools/bin/../lib/gcc/arm-none-eabi/7.3.1/../../../../arm-none-eabi/lib/thumb/v7e-m/fpv4-sp/hard/libc_nano.a(lib_a-findfp.o)
                0x0000000008005114                __sinit
 .text.__sfp    0x0000000008005174       0x78 /opt/st/stm32cubeide_1.4.0/plugins/com.st.stm32cube.ide.mcu.externaltools.gnu-tools-for-stm32.7-2018-q2-update.linux64_1.4.0.202007081208/tools/bin/../lib/gcc/arm-none-eabi/7.3.1/../../../../arm-none-eabi/lib/thumb/v7e-m/fpv4-sp/hard/libc_nano.a(lib_a-findfp.o)
                0x0000000008005174                __sfp
 .text._fwalk_reent
                0x00000000080051ec       0x3c /opt/st/stm32cubeide_1.4.0/plugins/com.st.stm32cube.ide.mcu.externaltools.gnu-tools-for-stm32.7-2018-q2-update.linux64_1.4.0.202007081208/tools/bin/../lib/gcc/arm-none-eabi/7.3.1/../../../../arm-none-eabi/lib/thumb/v7e-m/fpv4-sp/hard/libc_nano.a(lib_a-fwalk.o)
                0x00000000080051ec                _fwalk_reent
 .text.__swhatbuf_r
                0x0000000008005228       0x48 /opt/st/stm32cubeide_1.4.0/plugins/com.st.stm32cube.ide.mcu.externaltools.gnu-tools-for-stm32.7-2018-q2-update.linux64_1.4.0.202007081208/tools/bin/../lib/gcc/arm-none-eabi/7.3.1/../../../../arm-none-eabi/lib/thumb/v7e-m/fpv4-sp/hard/libc_nano.a(lib_a-makebuf.o)
                0x0000000008005228                __swhatbuf_r
 .text.__smakebuf_r
                0x0000000008005270       0x80 /opt/st/stm32cubeide_1.4.0/plugins/com.st.stm32cube.ide.mcu.externaltools.gnu-tools-for-stm32.7-2018-q2-update.linux64_1.4.0.202007081208/tools/bin/../lib/gcc/arm-none-eabi/7.3.1/../../../../arm-none-eabi/lib/thumb/v7e-m/fpv4-sp/hard/libc_nano.a(lib_a-makebuf.o)
                0x0000000008005270                __smakebuf_r
 .text.malloc   0x00000000080052f0       0x10 /opt/st/stm32cubeide_1.4.0/plugins/com.st.stm32cube.ide.mcu.externaltools.gnu-tools-for-stm32.7-2018-q2-update.linux64_1.4.0.202007081208/tools/bin/../lib/gcc/arm-none-eabi/7.3.1/../../../../arm-none-eabi/lib/thumb/v7e-m/fpv4-sp/hard/libc_nano.a(lib_a-malloc.o)
                0x00000000080052f0                malloc
 .text._free_r  0x0000000008005300       0x9c /opt/st/stm32cubeide_1.4.0/plugins/com.st.stm32cube.ide.mcu.externaltools.gnu-tools-for-stm32.7-2018-q2-update.linux64_1.4.0.202007081208/tools/bin/../lib/gcc/arm-none-eabi/7.3.1/../../../../arm-none-eabi/lib/thumb/v7e-m/fpv4-sp/hard/libc_nano.a(lib_a-nano-freer.o)
                0x0000000008005300                _free_r
 .text._malloc_r
                0x000000000800539c       0xb4 /opt/st/stm32cubeide_1.4.0/plugins/com.st.stm32cube.ide.mcu.externaltools.gnu-tools-for-stm32.7-2018-q2-update.linux64_1.4.0.202007081208/tools/bin/../lib/gcc/arm-none-eabi/7.3.1/../../../../arm-none-eabi/lib/thumb/v7e-m/fpv4-sp/hard/libc_nano.a(lib_a-nano-mallocr.o)
                0x000000000800539c                _malloc_r
 .text.__sfputc_r
                0x0000000008005450       0x2e /opt/st/stm32cubeide_1.4.0/plugins/com.st.stm32cube.ide.mcu.externaltools.gnu-tools-for-stm32.7-2018-q2-update.linux64_1.4.0.202007081208/tools/bin/../lib/gcc/arm-none-eabi/7.3.1/../../../../arm-none-eabi/lib/thumb/v7e-m/fpv4-sp/hard/libc_nano.a(lib_a-nano-vfprintf.o)
 .text.__sfputs_r
                0x000000000800547e       0x24 /opt/st/stm32cubeide_1.4.0/plugins/com.st.stm32cube.ide.mcu.externaltools.gnu-tools-for-stm32.7-2018-q2-update.linux64_1.4.0.202007081208/tools/bin/../lib/gcc/arm-none-eabi/7.3.1/../../../../arm-none-eabi/lib/thumb/v7e-m/fpv4-sp/hard/libc_nano.a(lib_a-nano-vfprintf.o)
                0x000000000800547e                __sfputs_r
 *fill*         0x00000000080054a2        0x2 
 .text._vfprintf_r
                0x00000000080054a4      0x22c /opt/st/stm32cubeide_1.4.0/plugins/com.st.stm32cube.ide.mcu.externaltools.gnu-tools-for-stm32.7-2018-q2-update.linux64_1.4.0.202007081208/tools/bin/../lib/gcc/arm-none-eabi/7.3.1/../../../../arm-none-eabi/lib/thumb/v7e-m/fpv4-sp/hard/libc_nano.a(lib_a-nano-vfprintf.o)
                0x00000000080054a4                _vfiprintf_r
                0x00000000080054a4                _vfprintf_r
 .text._printf_common
                0x00000000080056d0       0xea /opt/st/stm32cubeide_1.4.0/plugins/com.st.stm32cube.ide.mcu.externaltools.gnu-tools-for-stm32.7-2018-q2-update.linux64_1.4.0.202007081208/tools/bin/../lib/gcc/arm-none-eabi/7.3.1/../../../../arm-none-eabi/lib/thumb/v7e-m/fpv4-sp/hard/libc_nano.a(lib_a-nano-vfprintf_i.o)
                0x00000000080056d0                _printf_common
 *fill*         0x00000000080057ba        0x2 
 .text._printf_i
                0x00000000080057bc      0x224 /opt/st/stm32cubeide_1.4.0/plugins/com.st.stm32cube.ide.mcu.externaltools.gnu-tools-for-stm32.7-2018-q2-update.linux64_1.4.0.202007081208/tools/bin/../lib/gcc/arm-none-eabi/7.3.1/../../../../arm-none-eabi/lib/thumb/v7e-m/fpv4-sp/hard/libc_nano.a(lib_a-nano-vfprintf_i.o)
                0x00000000080057bc                _printf_i
 .text._sbrk_r  0x00000000080059e0       0x20 /opt/st/stm32cubeide_1.4.0/plugins/com.st.stm32cube.ide.mcu.externaltools.gnu-tools-for-stm32.7-2018-q2-update.linux64_1.4.0.202007081208/tools/bin/../lib/gcc/arm-none-eabi/7.3.1/../../../../arm-none-eabi/lib/thumb/v7e-m/fpv4-sp/hard/libc_nano.a(lib_a-sbrkr.o)
                0x00000000080059e0                _sbrk_r
 .text.__sread  0x0000000008005a00       0x22 /opt/st/stm32cubeide_1.4.0/plugins/com.st.stm32cube.ide.mcu.externaltools.gnu-tools-for-stm32.7-2018-q2-update.linux64_1.4.0.202007081208/tools/bin/../lib/gcc/arm-none-eabi/7.3.1/../../../../arm-none-eabi/lib/thumb/v7e-m/fpv4-sp/hard/libc_nano.a(lib_a-stdio.o)
                0x0000000008005a00                __sread
 .text.__swrite
                0x0000000008005a22       0x38 /opt/st/stm32cubeide_1.4.0/plugins/com.st.stm32cube.ide.mcu.externaltools.gnu-tools-for-stm32.7-2018-q2-update.linux64_1.4.0.202007081208/tools/bin/../lib/gcc/arm-none-eabi/7.3.1/../../../../arm-none-eabi/lib/thumb/v7e-m/fpv4-sp/hard/libc_nano.a(lib_a-stdio.o)
                0x0000000008005a22                __swrite
 .text.__sseek  0x0000000008005a5a       0x24 /opt/st/stm32cubeide_1.4.0/plugins/com.st.stm32cube.ide.mcu.externaltools.gnu-tools-for-stm32.7-2018-q2-update.linux64_1.4.0.202007081208/tools/bin/../lib/gcc/arm-none-eabi/7.3.1/../../../../arm-none-eabi/lib/thumb/v7e-m/fpv4-sp/hard/libc_nano.a(lib_a-stdio.o)
                0x0000000008005a5a                __sseek
 .text.__sclose
                0x0000000008005a7e        0x8 /opt/st/stm32cubeide_1.4.0/plugins/com.st.stm32cube.ide.mcu.externaltools.gnu-tools-for-stm32.7-2018-q2-update.linux64_1.4.0.202007081208/tools/bin/../lib/gcc/arm-none-eabi/7.3.1/../../../../arm-none-eabi/lib/thumb/v7e-m/fpv4-sp/hard/libc_nano.a(lib_a-stdio.o)
                0x0000000008005a7e                __sclose
 *fill*         0x0000000008005a86        0x2 
 .text._write_r
                0x0000000008005a88       0x24 /opt/st/stm32cubeide_1.4.0/plugins/com.st.stm32cube.ide.mcu.externaltools.gnu-tools-for-stm32.7-2018-q2-update.linux64_1.4.0.202007081208/tools/bin/../lib/gcc/arm-none-eabi/7.3.1/../../../../arm-none-eabi/lib/thumb/v7e-m/fpv4-sp/hard/libc_nano.a(lib_a-writer.o)
                0x0000000008005a88                _write_r
 .text._close_r
                0x0000000008005aac       0x20 /opt/st/stm32cubeide_1.4.0/plugins/com.st.stm32cube.ide.mcu.externaltools.gnu-tools-for-stm32.7-2018-q2-update.linux64_1.4.0.202007081208/tools/bin/../lib/gcc/arm-none-eabi/7.3.1/../../../../arm-none-eabi/lib/thumb/v7e-m/fpv4-sp/hard/libc_nano.a(lib_a-closer.o)
                0x0000000008005aac                _close_r
 .text._fstat_r
                0x0000000008005acc       0x24 /opt/st/stm32cubeide_1.4.0/plugins/com.st.stm32cube.ide.mcu.externaltools.gnu-tools-for-stm32.7-2018-q2-update.linux64_1.4.0.202007081208/tools/bin/../lib/gcc/arm-none-eabi/7.3.1/../../../../arm-none-eabi/lib/thumb/v7e-m/fpv4-sp/hard/libc_nano.a(lib_a-fstatr.o)
                0x0000000008005acc                _fstat_r
 .text._isatty_r
                0x0000000008005af0       0x20 /opt/st/stm32cubeide_1.4.0/plugins/com.st.stm32cube.ide.mcu.externaltools.gnu-tools-for-stm32.7-2018-q2-update.linux64_1.4.0.202007081208/tools/bin/../lib/gcc/arm-none-eabi/7.3.1/../../../../arm-none-eabi/lib/thumb/v7e-m/fpv4-sp/hard/libc_nano.a(lib_a-isattyr.o)
                0x0000000008005af0                _isatty_r
 .text._lseek_r
                0x0000000008005b10       0x24 /opt/st/stm32cubeide_1.4.0/plugins/com.st.stm32cube.ide.mcu.externaltools.gnu-tools-for-stm32.7-2018-q2-update.linux64_1.4.0.202007081208/tools/bin/../lib/gcc/arm-none-eabi/7.3.1/../../../../arm-none-eabi/lib/thumb/v7e-m/fpv4-sp/hard/libc_nano.a(lib_a-lseekr.o)
                0x0000000008005b10                _lseek_r
 .text.__malloc_lock
                0x0000000008005b34        0x2 /opt/st/stm32cubeide_1.4.0/plugins/com.st.stm32cube.ide.mcu.externaltools.gnu-tools-for-stm32.7-2018-q2-update.linux64_1.4.0.202007081208/tools/bin/../lib/gcc/arm-none-eabi/7.3.1/../../../../arm-none-eabi/lib/thumb/v7e-m/fpv4-sp/hard/libc_nano.a(lib_a-mlock.o)
                0x0000000008005b34                __malloc_lock
 .text.__malloc_unlock
                0x0000000008005b36        0x2 /opt/st/stm32cubeide_1.4.0/plugins/com.st.stm32cube.ide.mcu.externaltools.gnu-tools-for-stm32.7-2018-q2-update.linux64_1.4.0.202007081208/tools/bin/../lib/gcc/arm-none-eabi/7.3.1/../../../../arm-none-eabi/lib/thumb/v7e-m/fpv4-sp/hard/libc_nano.a(lib_a-mlock.o)
                0x0000000008005b36                __malloc_unlock
 .text._read_r  0x0000000008005b38       0x24 /opt/st/stm32cubeide_1.4.0/plugins/com.st.stm32cube.ide.mcu.externaltools.gnu-tools-for-stm32.7-2018-q2-update.linux64_1.4.0.202007081208/tools/bin/../lib/gcc/arm-none-eabi/7.3.1/../../../../arm-none-eabi/lib/thumb/v7e-m/fpv4-sp/hard/libc_nano.a(lib_a-readr.o)
                0x0000000008005b38                _read_r
 .text._sbrk    0x0000000008005b5c       0x1c /opt/st/stm32cubeide_1.4.0/plugins/com.st.stm32cube.ide.mcu.externaltools.gnu-tools-for-stm32.7-2018-q2-update.linux64_1.4.0.202007081208/tools/bin/../lib/gcc/arm-none-eabi/7.3.1/../../../../arm-none-eabi/lib/thumb/v7e-m/fpv4-sp/hard/libnosys.a(sbrk.o)
                0x0000000008005b5c                _sbrk
 *(.glue_7)
 .glue_7        0x0000000008005b78        0x0 linker stubs
 *(.glue_7t)
 .glue_7t       0x0000000008005b78        0x0 linker stubs
 *(.eh_frame)
 .eh_frame      0x0000000008005b78        0x0 /opt/st/stm32cubeide_1.4.0/plugins/com.st.stm32cube.ide.mcu.externaltools.gnu-tools-for-stm32.7-2018-q2-update.linux64_1.4.0.202007081208/tools/bin/../lib/gcc/arm-none-eabi/7.3.1/thumb/v7e-m/fpv4-sp/hard/crtbegin.o
 *(.init)
 .init          0x0000000008005b78        0x4 /opt/st/stm32cubeide_1.4.0/plugins/com.st.stm32cube.ide.mcu.externaltools.gnu-tools-for-stm32.7-2018-q2-update.linux64_1.4.0.202007081208/tools/bin/../lib/gcc/arm-none-eabi/7.3.1/thumb/v7e-m/fpv4-sp/hard/crti.o
                0x0000000008005b78                _init
 .init          0x0000000008005b7c        0x8 /opt/st/stm32cubeide_1.4.0/plugins/com.st.stm32cube.ide.mcu.externaltools.gnu-tools-for-stm32.7-2018-q2-update.linux64_1.4.0.202007081208/tools/bin/../lib/gcc/arm-none-eabi/7.3.1/thumb/v7e-m/fpv4-sp/hard/crtn.o
 *(.fini)
 .fini          0x0000000008005b84        0x4 /opt/st/stm32cubeide_1.4.0/plugins/com.st.stm32cube.ide.mcu.externaltools.gnu-tools-for-stm32.7-2018-q2-update.linux64_1.4.0.202007081208/tools/bin/../lib/gcc/arm-none-eabi/7.3.1/thumb/v7e-m/fpv4-sp/hard/crti.o
                0x0000000008005b84                _fini
 .fini          0x0000000008005b88        0x8 /opt/st/stm32cubeide_1.4.0/plugins/com.st.stm32cube.ide.mcu.externaltools.gnu-tools-for-stm32.7-2018-q2-update.linux64_1.4.0.202007081208/tools/bin/../lib/gcc/arm-none-eabi/7.3.1/thumb/v7e-m/fpv4-sp/hard/crtn.o
                0x0000000008005b90                . = ALIGN (0x4)
                0x0000000008005b90                _etext = .

.vfp11_veneer   0x0000000008005b90        0x0
 .vfp11_veneer  0x0000000008005b90        0x0 linker stubs

.v4_bx          0x0000000008005b90        0x0
 .v4_bx         0x0000000008005b90        0x0 linker stubs

.iplt           0x0000000008005b90        0x0
 .iplt          0x0000000008005b90        0x0 /opt/st/stm32cubeide_1.4.0/plugins/com.st.stm32cube.ide.mcu.externaltools.gnu-tools-for-stm32.7-2018-q2-update.linux64_1.4.0.202007081208/tools/bin/../lib/gcc/arm-none-eabi/7.3.1/thumb/v7e-m/fpv4-sp/hard/crtbegin.o

.rodata         0x0000000008005b90       0xf0
                0x0000000008005b90                . = ALIGN (0x4)
 *(.rodata)
 .rodata        0x0000000008005b90       0x10 Core/Src/main.o
 *(.rodata*)
 .rodata.AHBPrescTable
                0x0000000008005ba0       0x10 Core/Src/system_stm32l4xx.o
                0x0000000008005ba0                AHBPrescTable
 .rodata.APBPrescTable
                0x0000000008005bb0        0x8 Core/Src/system_stm32l4xx.o
                0x0000000008005bb0                APBPrescTable
 .rodata.MSIRangeTable
                0x0000000008005bb8       0x30 Core/Src/system_stm32l4xx.o
                0x0000000008005bb8                MSIRangeTable
 .rodata._global_impure_ptr
                0x0000000008005be8        0x4 /opt/st/stm32cubeide_1.4.0/plugins/com.st.stm32cube.ide.mcu.externaltools.gnu-tools-for-stm32.7-2018-q2-update.linux64_1.4.0.202007081208/tools/bin/../lib/gcc/arm-none-eabi/7.3.1/../../../../arm-none-eabi/lib/thumb/v7e-m/fpv4-sp/hard/libc_nano.a(lib_a-impure.o)
                0x0000000008005be8                _global_impure_ptr
 .rodata.__sf_fake_stderr
                0x0000000008005bec       0x20 /opt/st/stm32cubeide_1.4.0/plugins/com.st.stm32cube.ide.mcu.externaltools.gnu-tools-for-stm32.7-2018-q2-update.linux64_1.4.0.202007081208/tools/bin/../lib/gcc/arm-none-eabi/7.3.1/../../../../arm-none-eabi/lib/thumb/v7e-m/fpv4-sp/hard/libc_nano.a(lib_a-findfp.o)
                0x0000000008005bec                __sf_fake_stderr
 .rodata.__sf_fake_stdin
                0x0000000008005c0c       0x20 /opt/st/stm32cubeide_1.4.0/plugins/com.st.stm32cube.ide.mcu.externaltools.gnu-tools-for-stm32.7-2018-q2-update.linux64_1.4.0.202007081208/tools/bin/../lib/gcc/arm-none-eabi/7.3.1/../../../../arm-none-eabi/lib/thumb/v7e-m/fpv4-sp/hard/libc_nano.a(lib_a-findfp.o)
                0x0000000008005c0c                __sf_fake_stdin
 .rodata.__sf_fake_stdout
                0x0000000008005c2c       0x20 /opt/st/stm32cubeide_1.4.0/plugins/com.st.stm32cube.ide.mcu.externaltools.gnu-tools-for-stm32.7-2018-q2-update.linux64_1.4.0.202007081208/tools/bin/../lib/gcc/arm-none-eabi/7.3.1/../../../../arm-none-eabi/lib/thumb/v7e-m/fpv4-sp/hard/libc_nano.a(lib_a-findfp.o)
                0x0000000008005c2c                __sf_fake_stdout
 .rodata._vfprintf_r.str1.1
                0x0000000008005c4c       0x11 /opt/st/stm32cubeide_1.4.0/plugins/com.st.stm32cube.ide.mcu.externaltools.gnu-tools-for-stm32.7-2018-q2-update.linux64_1.4.0.202007081208/tools/bin/../lib/gcc/arm-none-eabi/7.3.1/../../../../arm-none-eabi/lib/thumb/v7e-m/fpv4-sp/hard/libc_nano.a(lib_a-nano-vfprintf.o)
 .rodata._printf_i.str1.1
                0x0000000008005c5d       0x22 /opt/st/stm32cubeide_1.4.0/plugins/com.st.stm32cube.ide.mcu.externaltools.gnu-tools-for-stm32.7-2018-q2-update.linux64_1.4.0.202007081208/tools/bin/../lib/gcc/arm-none-eabi/7.3.1/../../../../arm-none-eabi/lib/thumb/v7e-m/fpv4-sp/hard/libc_nano.a(lib_a-nano-vfprintf_i.o)
                0x0000000008005c80                . = ALIGN (0x4)
 *fill*         0x0000000008005c7f        0x1 

.ARM.extab      0x0000000008005c80        0x0
                0x0000000008005c80                . = ALIGN (0x4)
 *(.ARM.extab* .gnu.linkonce.armextab.*)
                0x0000000008005c80                . = ALIGN (0x4)

.ARM            0x0000000008005c80        0x8
                0x0000000008005c80                . = ALIGN (0x4)
                0x0000000008005c80                __exidx_start = .
 *(.ARM.exidx*)
 .ARM.exidx     0x0000000008005c80        0x8 /opt/st/stm32cubeide_1.4.0/plugins/com.st.stm32cube.ide.mcu.externaltools.gnu-tools-for-stm32.7-2018-q2-update.linux64_1.4.0.202007081208/tools/bin/../lib/gcc/arm-none-eabi/7.3.1/thumb/v7e-m/fpv4-sp/hard/libgcc.a(_udivmoddi4.o)
                0x0000000008005c88                __exidx_end = .
                0x0000000008005c88                . = ALIGN (0x4)

.rel.dyn        0x0000000008005c88        0x0
 .rel.iplt      0x0000000008005c88        0x0 /opt/st/stm32cubeide_1.4.0/plugins/com.st.stm32cube.ide.mcu.externaltools.gnu-tools-for-stm32.7-2018-q2-update.linux64_1.4.0.202007081208/tools/bin/../lib/gcc/arm-none-eabi/7.3.1/thumb/v7e-m/fpv4-sp/hard/crtbegin.o

.preinit_array  0x0000000008005c88        0x0
                0x0000000008005c88                . = ALIGN (0x4)
                0x0000000008005c88                PROVIDE (__preinit_array_start = .)
 *(.preinit_array*)
                0x0000000008005c88                PROVIDE (__preinit_array_end = .)
                0x0000000008005c88                . = ALIGN (0x4)

.init_array     0x0000000008005c88        0x4
                0x0000000008005c88                . = ALIGN (0x4)
                0x0000000008005c88                PROVIDE (__init_array_start = .)
 *(SORT_BY_NAME(.init_array.*))
 *(.init_array*)
 .init_array    0x0000000008005c88        0x4 /opt/st/stm32cubeide_1.4.0/plugins/com.st.stm32cube.ide.mcu.externaltools.gnu-tools-for-stm32.7-2018-q2-update.linux64_1.4.0.202007081208/tools/bin/../lib/gcc/arm-none-eabi/7.3.1/thumb/v7e-m/fpv4-sp/hard/crtbegin.o
                0x0000000008005c8c                PROVIDE (__init_array_end = .)
                0x0000000008005c8c                . = ALIGN (0x4)

.fini_array     0x0000000008005c8c        0x4
                0x0000000008005c8c                . = ALIGN (0x4)
                [!provide]                        PROVIDE (__fini_array_start = .)
 *(SORT_BY_NAME(.fini_array.*))
 *(.fini_array*)
 .fini_array    0x0000000008005c8c        0x4 /opt/st/stm32cubeide_1.4.0/plugins/com.st.stm32cube.ide.mcu.externaltools.gnu-tools-for-stm32.7-2018-q2-update.linux64_1.4.0.202007081208/tools/bin/../lib/gcc/arm-none-eabi/7.3.1/thumb/v7e-m/fpv4-sp/hard/crtbegin.o
                [!provide]                        PROVIDE (__fini_array_end = .)
                0x0000000008005c90                . = ALIGN (0x4)
                0x0000000008005c90                _sidata = LOADADDR (.data)

.data           0x0000000020000000       0x70 load address 0x0000000008005c90
                0x0000000020000000                . = ALIGN (0x4)
                0x0000000020000000                _sdata = .
 *(.data)
 *(.data*)
 .data.SystemCoreClock
                0x0000000020000000        0x4 Core/Src/system_stm32l4xx.o
                0x0000000020000000                SystemCoreClock
 .data.uwTickPrio
                0x0000000020000004        0x4 Drivers/STM32L4xx_HAL_Driver/Src/stm32l4xx_hal.o
                0x0000000020000004                uwTickPrio
 .data.uwTickFreq
                0x0000000020000008        0x1 Drivers/STM32L4xx_HAL_Driver/Src/stm32l4xx_hal.o
                0x0000000020000008                uwTickFreq
 *fill*         0x0000000020000009        0x3 
 .data._impure_ptr
                0x000000002000000c        0x4 /opt/st/stm32cubeide_1.4.0/plugins/com.st.stm32cube.ide.mcu.externaltools.gnu-tools-for-stm32.7-2018-q2-update.linux64_1.4.0.202007081208/tools/bin/../lib/gcc/arm-none-eabi/7.3.1/../../../../arm-none-eabi/lib/thumb/v7e-m/fpv4-sp/hard/libc_nano.a(lib_a-impure.o)
                0x000000002000000c                _impure_ptr
 .data.impure_data
                0x0000000020000010       0x60 /opt/st/stm32cubeide_1.4.0/plugins/com.st.stm32cube.ide.mcu.externaltools.gnu-tools-for-stm32.7-2018-q2-update.linux64_1.4.0.202007081208/tools/bin/../lib/gcc/arm-none-eabi/7.3.1/../../../../arm-none-eabi/lib/thumb/v7e-m/fpv4-sp/hard/libc_nano.a(lib_a-impure.o)
                0x0000000020000070                . = ALIGN (0x4)
                0x0000000020000070                _edata = .

.igot.plt       0x0000000020000070        0x0 load address 0x0000000008005d00
 .igot.plt      0x0000000020000070        0x0 /opt/st/stm32cubeide_1.4.0/plugins/com.st.stm32cube.ide.mcu.externaltools.gnu-tools-for-stm32.7-2018-q2-update.linux64_1.4.0.202007081208/tools/bin/../lib/gcc/arm-none-eabi/7.3.1/thumb/v7e-m/fpv4-sp/hard/crtbegin.o
                0x0000000020000070                . = ALIGN (0x4)

.bss            0x0000000020000070      0x118 load address 0x0000000008005d00
                0x0000000020000070                _sbss = .
                0x0000000020000070                __bss_start__ = _sbss
 *(.bss)
 .bss           0x0000000020000070       0x1c /opt/st/stm32cubeide_1.4.0/plugins/com.st.stm32cube.ide.mcu.externaltools.gnu-tools-for-stm32.7-2018-q2-update.linux64_1.4.0.202007081208/tools/bin/../lib/gcc/arm-none-eabi/7.3.1/thumb/v7e-m/fpv4-sp/hard/crtbegin.o
 *(.bss*)
 .bss.__malloc_free_list
                0x000000002000008c        0x4 /opt/st/stm32cubeide_1.4.0/plugins/com.st.stm32cube.ide.mcu.externaltools.gnu-tools-for-stm32.7-2018-q2-update.linux64_1.4.0.202007081208/tools/bin/../lib/gcc/arm-none-eabi/7.3.1/../../../../arm-none-eabi/lib/thumb/v7e-m/fpv4-sp/hard/libc_nano.a(lib_a-nano-mallocr.o)
                0x000000002000008c                __malloc_free_list
 .bss.__malloc_sbrk_start
                0x0000000020000090        0x4 /opt/st/stm32cubeide_1.4.0/plugins/com.st.stm32cube.ide.mcu.externaltools.gnu-tools-for-stm32.7-2018-q2-update.linux64_1.4.0.202007081208/tools/bin/../lib/gcc/arm-none-eabi/7.3.1/../../../../arm-none-eabi/lib/thumb/v7e-m/fpv4-sp/hard/libc_nano.a(lib_a-nano-mallocr.o)
                0x0000000020000090                __malloc_sbrk_start
 .bss.heap_end.5377
                0x0000000020000094        0x4 /opt/st/stm32cubeide_1.4.0/plugins/com.st.stm32cube.ide.mcu.externaltools.gnu-tools-for-stm32.7-2018-q2-update.linux64_1.4.0.202007081208/tools/bin/../lib/gcc/arm-none-eabi/7.3.1/../../../../arm-none-eabi/lib/thumb/v7e-m/fpv4-sp/hard/libnosys.a(sbrk.o)
 *(COMMON)
 COMMON         0x0000000020000098       0xe4 Core/Src/main.o
                0x0000000020000098                hadc1
                0x00000000200000fc                huart1
 COMMON         0x000000002000017c        0x4 Core/Src/retarget.o
                0x000000002000017c                gHuart
 COMMON         0x0000000020000180        0x4 Drivers/STM32L4xx_HAL_Driver/Src/stm32l4xx_hal.o
                0x0000000020000180                uwTick
 COMMON         0x0000000020000184        0x4 /opt/st/stm32cubeide_1.4.0/plugins/com.st.stm32cube.ide.mcu.externaltools.gnu-tools-for-stm32.7-2018-q2-update.linux64_1.4.0.202007081208/tools/bin/../lib/gcc/arm-none-eabi/7.3.1/../../../../arm-none-eabi/lib/thumb/v7e-m/fpv4-sp/hard/libc_nano.a(lib_a-reent.o)
                0x0000000020000184                errno
                0x0000000020000188                . = ALIGN (0x4)
                0x0000000020000188                _ebss = .
                0x0000000020000188                __bss_end__ = _ebss

._user_heap_stack
                0x0000000020000188      0x600 load address 0x0000000008005d00
                0x0000000020000188                . = ALIGN (0x8)
                0x0000000020000188                PROVIDE (end = .)
                [!provide]                        PROVIDE (_end = .)
                0x0000000020000388                . = (. + _Min_Heap_Size)
 *fill*         0x0000000020000188      0x200 
                0x0000000020000788                . = (. + _Min_Stack_Size)
 *fill*         0x0000000020000388      0x400 
                0x0000000020000788                . = ALIGN (0x8)

/DISCARD/
 libc.a(*)
 libm.a(*)
 libgcc.a(*)

.ARM.attributes
                0x0000000000000000       0x30
 *(.ARM.attributes)
 .ARM.attributes
                0x0000000000000000       0x22 /opt/st/stm32cubeide_1.4.0/plugins/com.st.stm32cube.ide.mcu.externaltools.gnu-tools-for-stm32.7-2018-q2-update.linux64_1.4.0.202007081208/tools/bin/../lib/gcc/arm-none-eabi/7.3.1/thumb/v7e-m/fpv4-sp/hard/crti.o
 .ARM.attributes
                0x0000000000000022       0x34 /opt/st/stm32cubeide_1.4.0/plugins/com.st.stm32cube.ide.mcu.externaltools.gnu-tools-for-stm32.7-2018-q2-update.linux64_1.4.0.202007081208/tools/bin/../lib/gcc/arm-none-eabi/7.3.1/thumb/v7e-m/fpv4-sp/hard/crtbegin.o
 .ARM.attributes
                0x0000000000000056       0x39 Core/Src/main.o
 .ARM.attributes
                0x000000000000008f       0x39 Core/Src/retarget.o
 .ARM.attributes
                0x00000000000000c8       0x39 Core/Src/stm32l4xx_hal_msp.o
 .ARM.attributes
                0x0000000000000101       0x39 Core/Src/stm32l4xx_it.o
 .ARM.attributes
                0x000000000000013a       0x39 Core/Src/system_stm32l4xx.o
 .ARM.attributes
                0x0000000000000173       0x21 Core/Startup/startup_stm32l475vgtx.o
 .ARM.attributes
                0x0000000000000194       0x39 Drivers/STM32L4xx_HAL_Driver/Src/stm32l4xx_hal.o
 .ARM.attributes
                0x00000000000001cd       0x39 Drivers/STM32L4xx_HAL_Driver/Src/stm32l4xx_hal_adc.o
 .ARM.attributes
                0x0000000000000206       0x39 Drivers/STM32L4xx_HAL_Driver/Src/stm32l4xx_hal_adc_ex.o
 .ARM.attributes
                0x000000000000023f       0x39 Drivers/STM32L4xx_HAL_Driver/Src/stm32l4xx_hal_cortex.o
 .ARM.attributes
                0x0000000000000278       0x39 Drivers/STM32L4xx_HAL_Driver/Src/stm32l4xx_hal_gpio.o
 .ARM.attributes
                0x00000000000002b1       0x39 Drivers/STM32L4xx_HAL_Driver/Src/stm32l4xx_hal_pwr_ex.o
 .ARM.attributes
                0x00000000000002ea       0x39 Drivers/STM32L4xx_HAL_Driver/Src/stm32l4xx_hal_rcc.o
 .ARM.attributes
                0x0000000000000323       0x39 Drivers/STM32L4xx_HAL_Driver/Src/stm32l4xx_hal_rcc_ex.o
 .ARM.attributes
                0x000000000000035c       0x39 Drivers/STM32L4xx_HAL_Driver/Src/stm32l4xx_hal_uart.o
 .ARM.attributes
                0x0000000000000395       0x34 /opt/st/stm32cubeide_1.4.0/plugins/com.st.stm32cube.ide.mcu.externaltools.gnu-tools-for-stm32.7-2018-q2-update.linux64_1.4.0.202007081208/tools/bin/../lib/gcc/arm-none-eabi/7.3.1/../../../../arm-none-eabi/lib/thumb/v7e-m/fpv4-sp/hard/libc_nano.a(lib_a-errno.o)
 .ARM.attributes
                0x00000000000003c9       0x34 /opt/st/stm32cubeide_1.4.0/plugins/com.st.stm32cube.ide.mcu.externaltools.gnu-tools-for-stm32.7-2018-q2-update.linux64_1.4.0.202007081208/tools/bin/../lib/gcc/arm-none-eabi/7.3.1/../../../../arm-none-eabi/lib/thumb/v7e-m/fpv4-sp/hard/libc_nano.a(lib_a-impure.o)
 .ARM.attributes
                0x00000000000003fd       0x34 /opt/st/stm32cubeide_1.4.0/plugins/com.st.stm32cube.ide.mcu.externaltools.gnu-tools-for-stm32.7-2018-q2-update.linux64_1.4.0.202007081208/tools/bin/../lib/gcc/arm-none-eabi/7.3.1/../../../../arm-none-eabi/lib/thumb/v7e-m/fpv4-sp/hard/libc_nano.a(lib_a-init.o)
 .ARM.attributes
                0x0000000000000431       0x34 /opt/st/stm32cubeide_1.4.0/plugins/com.st.stm32cube.ide.mcu.externaltools.gnu-tools-for-stm32.7-2018-q2-update.linux64_1.4.0.202007081208/tools/bin/../lib/gcc/arm-none-eabi/7.3.1/../../../../arm-none-eabi/lib/thumb/v7e-m/fpv4-sp/hard/libc_nano.a(lib_a-memset.o)
 .ARM.attributes
                0x0000000000000465       0x34 /opt/st/stm32cubeide_1.4.0/plugins/com.st.stm32cube.ide.mcu.externaltools.gnu-tools-for-stm32.7-2018-q2-update.linux64_1.4.0.202007081208/tools/bin/../lib/gcc/arm-none-eabi/7.3.1/../../../../arm-none-eabi/lib/thumb/v7e-m/fpv4-sp/hard/libc_nano.a(lib_a-printf.o)
 .ARM.attributes
                0x0000000000000499       0x34 /opt/st/stm32cubeide_1.4.0/plugins/com.st.stm32cube.ide.mcu.externaltools.gnu-tools-for-stm32.7-2018-q2-update.linux64_1.4.0.202007081208/tools/bin/../lib/gcc/arm-none-eabi/7.3.1/../../../../arm-none-eabi/lib/thumb/v7e-m/fpv4-sp/hard/libc_nano.a(lib_a-puts.o)
 .ARM.attributes
                0x00000000000004cd       0x34 /opt/st/stm32cubeide_1.4.0/plugins/com.st.stm32cube.ide.mcu.externaltools.gnu-tools-for-stm32.7-2018-q2-update.linux64_1.4.0.202007081208/tools/bin/../lib/gcc/arm-none-eabi/7.3.1/../../../../arm-none-eabi/lib/thumb/v7e-m/fpv4-sp/hard/libc_nano.a(lib_a-setvbuf.o)
 .ARM.attributes
                0x0000000000000501       0x34 /opt/st/stm32cubeide_1.4.0/plugins/com.st.stm32cube.ide.mcu.externaltools.gnu-tools-for-stm32.7-2018-q2-update.linux64_1.4.0.202007081208/tools/bin/../lib/gcc/arm-none-eabi/7.3.1/../../../../arm-none-eabi/lib/thumb/v7e-m/fpv4-sp/hard/libc_nano.a(lib_a-wbuf.o)
 .ARM.attributes
                0x0000000000000535       0x34 /opt/st/stm32cubeide_1.4.0/plugins/com.st.stm32cube.ide.mcu.externaltools.gnu-tools-for-stm32.7-2018-q2-update.linux64_1.4.0.202007081208/tools/bin/../lib/gcc/arm-none-eabi/7.3.1/../../../../arm-none-eabi/lib/thumb/v7e-m/fpv4-sp/hard/libc_nano.a(lib_a-wsetup.o)
 .ARM.attributes
                0x0000000000000569       0x34 /opt/st/stm32cubeide_1.4.0/plugins/com.st.stm32cube.ide.mcu.externaltools.gnu-tools-for-stm32.7-2018-q2-update.linux64_1.4.0.202007081208/tools/bin/../lib/gcc/arm-none-eabi/7.3.1/../../../../arm-none-eabi/lib/thumb/v7e-m/fpv4-sp/hard/libc_nano.a(lib_a-fflush.o)
 .ARM.attributes
                0x000000000000059d       0x34 /opt/st/stm32cubeide_1.4.0/plugins/com.st.stm32cube.ide.mcu.externaltools.gnu-tools-for-stm32.7-2018-q2-update.linux64_1.4.0.202007081208/tools/bin/../lib/gcc/arm-none-eabi/7.3.1/../../../../arm-none-eabi/lib/thumb/v7e-m/fpv4-sp/hard/libc_nano.a(lib_a-findfp.o)
 .ARM.attributes
                0x00000000000005d1       0x34 /opt/st/stm32cubeide_1.4.0/plugins/com.st.stm32cube.ide.mcu.externaltools.gnu-tools-for-stm32.7-2018-q2-update.linux64_1.4.0.202007081208/tools/bin/../lib/gcc/arm-none-eabi/7.3.1/../../../../arm-none-eabi/lib/thumb/v7e-m/fpv4-sp/hard/libc_nano.a(lib_a-fwalk.o)
 .ARM.attributes
                0x0000000000000605       0x34 /opt/st/stm32cubeide_1.4.0/plugins/com.st.stm32cube.ide.mcu.externaltools.gnu-tools-for-stm32.7-2018-q2-update.linux64_1.4.0.202007081208/tools/bin/../lib/gcc/arm-none-eabi/7.3.1/../../../../arm-none-eabi/lib/thumb/v7e-m/fpv4-sp/hard/libc_nano.a(lib_a-makebuf.o)
 .ARM.attributes
                0x0000000000000639       0x34 /opt/st/stm32cubeide_1.4.0/plugins/com.st.stm32cube.ide.mcu.externaltools.gnu-tools-for-stm32.7-2018-q2-update.linux64_1.4.0.202007081208/tools/bin/../lib/gcc/arm-none-eabi/7.3.1/../../../../arm-none-eabi/lib/thumb/v7e-m/fpv4-sp/hard/libc_nano.a(lib_a-malloc.o)
 .ARM.attributes
                0x000000000000066d       0x34 /opt/st/stm32cubeide_1.4.0/plugins/com.st.stm32cube.ide.mcu.externaltools.gnu-tools-for-stm32.7-2018-q2-update.linux64_1.4.0.202007081208/tools/bin/../lib/gcc/arm-none-eabi/7.3.1/../../../../arm-none-eabi/lib/thumb/v7e-m/fpv4-sp/hard/libc_nano.a(lib_a-nano-freer.o)
 .ARM.attributes
                0x00000000000006a1       0x34 /opt/st/stm32cubeide_1.4.0/plugins/com.st.stm32cube.ide.mcu.externaltools.gnu-tools-for-stm32.7-2018-q2-update.linux64_1.4.0.202007081208/tools/bin/../lib/gcc/arm-none-eabi/7.3.1/../../../../arm-none-eabi/lib/thumb/v7e-m/fpv4-sp/hard/libc_nano.a(lib_a-nano-mallocr.o)
 .ARM.attributes
                0x00000000000006d5       0x34 /opt/st/stm32cubeide_1.4.0/plugins/com.st.stm32cube.ide.mcu.externaltools.gnu-tools-for-stm32.7-2018-q2-update.linux64_1.4.0.202007081208/tools/bin/../lib/gcc/arm-none-eabi/7.3.1/../../../../arm-none-eabi/lib/thumb/v7e-m/fpv4-sp/hard/libc_nano.a(lib_a-nano-vfprintf.o)
 .ARM.attributes
                0x0000000000000709       0x34 /opt/st/stm32cubeide_1.4.0/plugins/com.st.stm32cube.ide.mcu.externaltools.gnu-tools-for-stm32.7-2018-q2-update.linux64_1.4.0.202007081208/tools/bin/../lib/gcc/arm-none-eabi/7.3.1/../../../../arm-none-eabi/lib/thumb/v7e-m/fpv4-sp/hard/libc_nano.a(lib_a-nano-vfprintf_i.o)
 .ARM.attributes
                0x000000000000073d       0x34 /opt/st/stm32cubeide_1.4.0/plugins/com.st.stm32cube.ide.mcu.externaltools.gnu-tools-for-stm32.7-2018-q2-update.linux64_1.4.0.202007081208/tools/bin/../lib/gcc/arm-none-eabi/7.3.1/../../../../arm-none-eabi/lib/thumb/v7e-m/fpv4-sp/hard/libc_nano.a(lib_a-sbrkr.o)
 .ARM.attributes
                0x0000000000000771       0x34 /opt/st/stm32cubeide_1.4.0/plugins/com.st.stm32cube.ide.mcu.externaltools.gnu-tools-for-stm32.7-2018-q2-update.linux64_1.4.0.202007081208/tools/bin/../lib/gcc/arm-none-eabi/7.3.1/../../../../arm-none-eabi/lib/thumb/v7e-m/fpv4-sp/hard/libc_nano.a(lib_a-stdio.o)
 .ARM.attributes
                0x00000000000007a5       0x34 /opt/st/stm32cubeide_1.4.0/plugins/com.st.stm32cube.ide.mcu.externaltools.gnu-tools-for-stm32.7-2018-q2-update.linux64_1.4.0.202007081208/tools/bin/../lib/gcc/arm-none-eabi/7.3.1/../../../../arm-none-eabi/lib/thumb/v7e-m/fpv4-sp/hard/libc_nano.a(lib_a-writer.o)
 .ARM.attributes
                0x00000000000007d9       0x34 /opt/st/stm32cubeide_1.4.0/plugins/com.st.stm32cube.ide.mcu.externaltools.gnu-tools-for-stm32.7-2018-q2-update.linux64_1.4.0.202007081208/tools/bin/../lib/gcc/arm-none-eabi/7.3.1/../../../../arm-none-eabi/lib/thumb/v7e-m/fpv4-sp/hard/libc_nano.a(lib_a-closer.o)
 .ARM.attributes
                0x000000000000080d       0x34 /opt/st/stm32cubeide_1.4.0/plugins/com.st.stm32cube.ide.mcu.externaltools.gnu-tools-for-stm32.7-2018-q2-update.linux64_1.4.0.202007081208/tools/bin/../lib/gcc/arm-none-eabi/7.3.1/../../../../arm-none-eabi/lib/thumb/v7e-m/fpv4-sp/hard/libc_nano.a(lib_a-fstatr.o)
 .ARM.attributes
                0x0000000000000841       0x34 /opt/st/stm32cubeide_1.4.0/plugins/com.st.stm32cube.ide.mcu.externaltools.gnu-tools-for-stm32.7-2018-q2-update.linux64_1.4.0.202007081208/tools/bin/../lib/gcc/arm-none-eabi/7.3.1/../../../../arm-none-eabi/lib/thumb/v7e-m/fpv4-sp/hard/libc_nano.a(lib_a-isattyr.o)
 .ARM.attributes
                0x0000000000000875       0x34 /opt/st/stm32cubeide_1.4.0/plugins/com.st.stm32cube.ide.mcu.externaltools.gnu-tools-for-stm32.7-2018-q2-update.linux64_1.4.0.202007081208/tools/bin/../lib/gcc/arm-none-eabi/7.3.1/../../../../arm-none-eabi/lib/thumb/v7e-m/fpv4-sp/hard/libc_nano.a(lib_a-lseekr.o)
 .ARM.attributes
                0x00000000000008a9       0x20 /opt/st/stm32cubeide_1.4.0/plugins/com.st.stm32cube.ide.mcu.externaltools.gnu-tools-for-stm32.7-2018-q2-update.linux64_1.4.0.202007081208/tools/bin/../lib/gcc/arm-none-eabi/7.3.1/../../../../arm-none-eabi/lib/thumb/v7e-m/fpv4-sp/hard/libc_nano.a(lib_a-memchr.o)
 .ARM.attributes
                0x00000000000008c9       0x34 /opt/st/stm32cubeide_1.4.0/plugins/com.st.stm32cube.ide.mcu.externaltools.gnu-tools-for-stm32.7-2018-q2-update.linux64_1.4.0.202007081208/tools/bin/../lib/gcc/arm-none-eabi/7.3.1/../../../../arm-none-eabi/lib/thumb/v7e-m/fpv4-sp/hard/libc_nano.a(lib_a-mlock.o)
 .ARM.attributes
                0x00000000000008fd       0x34 /opt/st/stm32cubeide_1.4.0/plugins/com.st.stm32cube.ide.mcu.externaltools.gnu-tools-for-stm32.7-2018-q2-update.linux64_1.4.0.202007081208/tools/bin/../lib/gcc/arm-none-eabi/7.3.1/../../../../arm-none-eabi/lib/thumb/v7e-m/fpv4-sp/hard/libc_nano.a(lib_a-readr.o)
 .ARM.attributes
                0x0000000000000931       0x34 /opt/st/stm32cubeide_1.4.0/plugins/com.st.stm32cube.ide.mcu.externaltools.gnu-tools-for-stm32.7-2018-q2-update.linux64_1.4.0.202007081208/tools/bin/../lib/gcc/arm-none-eabi/7.3.1/../../../../arm-none-eabi/lib/thumb/v7e-m/fpv4-sp/hard/libc_nano.a(lib_a-reent.o)
 .ARM.attributes
                0x0000000000000965       0x22 /opt/st/stm32cubeide_1.4.0/plugins/com.st.stm32cube.ide.mcu.externaltools.gnu-tools-for-stm32.7-2018-q2-update.linux64_1.4.0.202007081208/tools/bin/../lib/gcc/arm-none-eabi/7.3.1/thumb/v7e-m/fpv4-sp/hard/libgcc.a(_aeabi_uldivmod.o)
 .ARM.attributes
                0x0000000000000987       0x34 /opt/st/stm32cubeide_1.4.0/plugins/com.st.stm32cube.ide.mcu.externaltools.gnu-tools-for-stm32.7-2018-q2-update.linux64_1.4.0.202007081208/tools/bin/../lib/gcc/arm-none-eabi/7.3.1/thumb/v7e-m/fpv4-sp/hard/libgcc.a(_udivmoddi4.o)
 .ARM.attributes
                0x00000000000009bb       0x22 /opt/st/stm32cubeide_1.4.0/plugins/com.st.stm32cube.ide.mcu.externaltools.gnu-tools-for-stm32.7-2018-q2-update.linux64_1.4.0.202007081208/tools/bin/../lib/gcc/arm-none-eabi/7.3.1/thumb/v7e-m/fpv4-sp/hard/libgcc.a(_dvmd_tls.o)
 .ARM.attributes
                0x00000000000009dd       0x34 /opt/st/stm32cubeide_1.4.0/plugins/com.st.stm32cube.ide.mcu.externaltools.gnu-tools-for-stm32.7-2018-q2-update.linux64_1.4.0.202007081208/tools/bin/../lib/gcc/arm-none-eabi/7.3.1/../../../../arm-none-eabi/lib/thumb/v7e-m/fpv4-sp/hard/libnosys.a(sbrk.o)
 .ARM.attributes
                0x0000000000000a11       0x22 /opt/st/stm32cubeide_1.4.0/plugins/com.st.stm32cube.ide.mcu.externaltools.gnu-tools-for-stm32.7-2018-q2-update.linux64_1.4.0.202007081208/tools/bin/../lib/gcc/arm-none-eabi/7.3.1/thumb/v7e-m/fpv4-sp/hard/crtn.o
OUTPUT(ad8232_v_1.0.elf elf32-littlearm)

.debug_info     0x0000000000000000     0xea32
 .debug_info    0x0000000000000000     0x1c1f Core/Src/main.o
 .debug_info    0x0000000000001c1f     0x13c5 Core/Src/retarget.o
 .debug_info    0x0000000000002fe4      0xff4 Core/Src/stm32l4xx_hal_msp.o
 .debug_info    0x0000000000003fd8      0x349 Core/Src/stm32l4xx_it.o
 .debug_info    0x0000000000004321      0x727 Core/Src/system_stm32l4xx.o
 .debug_info    0x0000000000004a48       0x22 Core/Startup/startup_stm32l475vgtx.o
 .debug_info    0x0000000000004a6a      0xc1a Drivers/STM32L4xx_HAL_Driver/Src/stm32l4xx_hal.o
 .debug_info    0x0000000000005684     0x1e9b Drivers/STM32L4xx_HAL_Driver/Src/stm32l4xx_hal_adc.o
 .debug_info    0x000000000000751f     0x1c15 Drivers/STM32L4xx_HAL_Driver/Src/stm32l4xx_hal_adc_ex.o
 .debug_info    0x0000000000009134      0xf67 Drivers/STM32L4xx_HAL_Driver/Src/stm32l4xx_hal_cortex.o
 .debug_info    0x000000000000a09b      0x9c2 Drivers/STM32L4xx_HAL_Driver/Src/stm32l4xx_hal_gpio.o
 .debug_info    0x000000000000aa5d      0xb35 Drivers/STM32L4xx_HAL_Driver/Src/stm32l4xx_hal_pwr_ex.o
 .debug_info    0x000000000000b592      0xd2f Drivers/STM32L4xx_HAL_Driver/Src/stm32l4xx_hal_rcc.o
 .debug_info    0x000000000000c2c1      0xf41 Drivers/STM32L4xx_HAL_Driver/Src/stm32l4xx_hal_rcc_ex.o
 .debug_info    0x000000000000d202     0x1830 Drivers/STM32L4xx_HAL_Driver/Src/stm32l4xx_hal_uart.o

.debug_abbrev   0x0000000000000000     0x1c03
 .debug_abbrev  0x0000000000000000      0x26e Core/Src/main.o
 .debug_abbrev  0x000000000000026e      0x201 Core/Src/retarget.o
 .debug_abbrev  0x000000000000046f      0x18c Core/Src/stm32l4xx_hal_msp.o
 .debug_abbrev  0x00000000000005fb       0xca Core/Src/stm32l4xx_it.o
 .debug_abbrev  0x00000000000006c5      0x150 Core/Src/system_stm32l4xx.o
 .debug_abbrev  0x0000000000000815       0x12 Core/Startup/startup_stm32l475vgtx.o
 .debug_abbrev  0x0000000000000827      0x1fb Drivers/STM32L4xx_HAL_Driver/Src/stm32l4xx_hal.o
 .debug_abbrev  0x0000000000000a22      0x25d Drivers/STM32L4xx_HAL_Driver/Src/stm32l4xx_hal_adc.o
 .debug_abbrev  0x0000000000000c7f      0x27d Drivers/STM32L4xx_HAL_Driver/Src/stm32l4xx_hal_adc_ex.o
 .debug_abbrev  0x0000000000000efc      0x2fa Drivers/STM32L4xx_HAL_Driver/Src/stm32l4xx_hal_cortex.o
 .debug_abbrev  0x00000000000011f6      0x1c0 Drivers/STM32L4xx_HAL_Driver/Src/stm32l4xx_hal_gpio.o
 .debug_abbrev  0x00000000000013b6      0x1cb Drivers/STM32L4xx_HAL_Driver/Src/stm32l4xx_hal_pwr_ex.o
 .debug_abbrev  0x0000000000001581      0x245 Drivers/STM32L4xx_HAL_Driver/Src/stm32l4xx_hal_rcc.o
 .debug_abbrev  0x00000000000017c6      0x238 Drivers/STM32L4xx_HAL_Driver/Src/stm32l4xx_hal_rcc_ex.o
 .debug_abbrev  0x00000000000019fe      0x205 Drivers/STM32L4xx_HAL_Driver/Src/stm32l4xx_hal_uart.o

.debug_aranges  0x0000000000000000      0xc98
 .debug_aranges
                0x0000000000000000       0x48 Core/Src/main.o
 .debug_aranges
                0x0000000000000048       0x50 Core/Src/retarget.o
 .debug_aranges
                0x0000000000000098       0x40 Core/Src/stm32l4xx_hal_msp.o
 .debug_aranges
                0x00000000000000d8       0x60 Core/Src/stm32l4xx_it.o
 .debug_aranges
                0x0000000000000138       0x28 Core/Src/system_stm32l4xx.o
 .debug_aranges
                0x0000000000000160       0x28 Core/Startup/startup_stm32l475vgtx.o
 .debug_aranges
                0x0000000000000188      0x130 Drivers/STM32L4xx_HAL_Driver/Src/stm32l4xx_hal.o
 .debug_aranges
                0x00000000000002b8      0x220 Drivers/STM32L4xx_HAL_Driver/Src/stm32l4xx_hal_adc.o
 .debug_aranges
                0x00000000000004d8      0x1a8 Drivers/STM32L4xx_HAL_Driver/Src/stm32l4xx_hal_adc_ex.o
 .debug_aranges
                0x0000000000000680      0x118 Drivers/STM32L4xx_HAL_Driver/Src/stm32l4xx_hal_cortex.o
 .debug_aranges
                0x0000000000000798       0x58 Drivers/STM32L4xx_HAL_Driver/Src/stm32l4xx_hal_gpio.o
 .debug_aranges
                0x00000000000007f0      0x150 Drivers/STM32L4xx_HAL_Driver/Src/stm32l4xx_hal_pwr_ex.o
 .debug_aranges
                0x0000000000000940       0x88 Drivers/STM32L4xx_HAL_Driver/Src/stm32l4xx_hal_rcc.o
 .debug_aranges
                0x00000000000009c8       0xc0 Drivers/STM32L4xx_HAL_Driver/Src/stm32l4xx_hal_rcc_ex.o
 .debug_aranges
                0x0000000000000a88      0x210 Drivers/STM32L4xx_HAL_Driver/Src/stm32l4xx_hal_uart.o

.debug_ranges   0x0000000000000000      0xbb0
 .debug_ranges  0x0000000000000000       0x38 Core/Src/main.o
 .debug_ranges  0x0000000000000038       0x40 Core/Src/retarget.o
 .debug_ranges  0x0000000000000078       0x30 Core/Src/stm32l4xx_hal_msp.o
 .debug_ranges  0x00000000000000a8       0x50 Core/Src/stm32l4xx_it.o
 .debug_ranges  0x00000000000000f8       0x18 Core/Src/system_stm32l4xx.o
 .debug_ranges  0x0000000000000110       0x20 Core/Startup/startup_stm32l475vgtx.o
 .debug_ranges  0x0000000000000130      0x120 Drivers/STM32L4xx_HAL_Driver/Src/stm32l4xx_hal.o
 .debug_ranges  0x0000000000000250      0x210 Drivers/STM32L4xx_HAL_Driver/Src/stm32l4xx_hal_adc.o
 .debug_ranges  0x0000000000000460      0x198 Drivers/STM32L4xx_HAL_Driver/Src/stm32l4xx_hal_adc_ex.o
 .debug_ranges  0x00000000000005f8      0x108 Drivers/STM32L4xx_HAL_Driver/Src/stm32l4xx_hal_cortex.o
 .debug_ranges  0x0000000000000700       0x48 Drivers/STM32L4xx_HAL_Driver/Src/stm32l4xx_hal_gpio.o
 .debug_ranges  0x0000000000000748      0x140 Drivers/STM32L4xx_HAL_Driver/Src/stm32l4xx_hal_pwr_ex.o
 .debug_ranges  0x0000000000000888       0x78 Drivers/STM32L4xx_HAL_Driver/Src/stm32l4xx_hal_rcc.o
 .debug_ranges  0x0000000000000900       0xb0 Drivers/STM32L4xx_HAL_Driver/Src/stm32l4xx_hal_rcc_ex.o
 .debug_ranges  0x00000000000009b0      0x200 Drivers/STM32L4xx_HAL_Driver/Src/stm32l4xx_hal_uart.o

.debug_macro    0x0000000000000000    0x2877d
 .debug_macro   0x0000000000000000      0x3b1 Core/Src/main.o
 .debug_macro   0x00000000000003b1      0xa5a Core/Src/main.o
 .debug_macro   0x0000000000000e0b      0x1ad Core/Src/main.o
 .debug_macro   0x0000000000000fb8       0x2e Core/Src/main.o
 .debug_macro   0x0000000000000fe6       0x28 Core/Src/main.o
 .debug_macro   0x000000000000100e       0x22 Core/Src/main.o
 .debug_macro   0x0000000000001030       0x8e Core/Src/main.o
 .debug_macro   0x00000000000010be       0x51 Core/Src/main.o
 .debug_macro   0x000000000000110f       0xef Core/Src/main.o
 .debug_macro   0x00000000000011fe       0x6a Core/Src/main.o
 .debug_macro   0x0000000000001268      0x1df Core/Src/main.o
 .debug_macro   0x0000000000001447       0x1c Core/Src/main.o
 .debug_macro   0x0000000000001463       0x22 Core/Src/main.o
 .debug_macro   0x0000000000001485      0x101 Core/Src/main.o
 .debug_macro   0x0000000000001586     0x1011 Core/Src/main.o
 .debug_macro   0x0000000000002597      0x11f Core/Src/main.o
 .debug_macro   0x00000000000026b6    0x19db6 Core/Src/main.o
 .debug_macro   0x000000000001c46c       0x43 Core/Src/main.o
 .debug_macro   0x000000000001c4af     0x3890 Core/Src/main.o
 .debug_macro   0x000000000001fd3f      0x174 Core/Src/main.o
 .debug_macro   0x000000000001feb3       0x5c Core/Src/main.o
 .debug_macro   0x000000000001ff0f     0x1519 Core/Src/main.o
 .debug_macro   0x0000000000021428      0x59e Core/Src/main.o
 .debug_macro   0x00000000000219c6      0x13d Core/Src/main.o
 .debug_macro   0x0000000000021b03      0x17d Core/Src/main.o
 .debug_macro   0x0000000000021c80      0x26b Core/Src/main.o
 .debug_macro   0x0000000000021eeb      0x23d Core/Src/main.o
 .debug_macro   0x0000000000022128      0xf83 Core/Src/main.o
 .debug_macro   0x00000000000230ab      0x632 Core/Src/main.o
 .debug_macro   0x00000000000236dd      0x30c Core/Src/main.o
 .debug_macro   0x00000000000239e9      0x241 Core/Src/main.o
 .debug_macro   0x0000000000023c2a      0x37c Core/Src/main.o
 .debug_macro   0x0000000000023fa6       0xd6 Core/Src/main.o
 .debug_macro   0x000000000002407c      0x22c Core/Src/main.o
 .debug_macro   0x00000000000242a8       0x61 Core/Src/main.o
 .debug_macro   0x0000000000024309       0xa5 Core/Src/main.o
 .debug_macro   0x00000000000243ae      0x122 Core/Src/main.o
 .debug_macro   0x00000000000244d0      0x3e9 Core/Src/main.o
 .debug_macro   0x00000000000248b9      0x59e Core/Src/main.o
 .debug_macro   0x0000000000024e57       0x44 Core/Src/main.o
 .debug_macro   0x0000000000024e9b      0x331 Core/Src/main.o
 .debug_macro   0x00000000000251cc       0x46 Core/Src/main.o
 .debug_macro   0x0000000000025212       0x18 Core/Src/main.o
 .debug_macro   0x000000000002522a       0x3c Core/Src/main.o
 .debug_macro   0x0000000000025266       0x34 Core/Src/main.o
 .debug_macro   0x000000000002529a       0x52 Core/Src/main.o
 .debug_macro   0x00000000000252ec       0x1f Core/Src/main.o
 .debug_macro   0x000000000002530b       0x43 Core/Src/main.o
 .debug_macro   0x000000000002534e       0x20 Core/Src/main.o
 .debug_macro   0x000000000002536e      0x1a3 Core/Src/main.o
 .debug_macro   0x0000000000025511      0x32a Core/Src/main.o
 .debug_macro   0x000000000002583b       0x10 Core/Src/main.o
 .debug_macro   0x000000000002584b       0x35 Core/Src/main.o
 .debug_macro   0x0000000000025880       0x20 Core/Src/main.o
 .debug_macro   0x00000000000258a0       0x1c Core/Src/main.o
 .debug_macro   0x00000000000258bc       0x10 Core/Src/main.o
 .debug_macro   0x00000000000258cc       0x10 Core/Src/main.o
 .debug_macro   0x00000000000258dc       0x1c Core/Src/main.o
 .debug_macro   0x00000000000258f8       0x52 Core/Src/main.o
 .debug_macro   0x000000000002594a       0x40 Core/Src/main.o
 .debug_macro   0x000000000002598a       0x10 Core/Src/main.o
 .debug_macro   0x000000000002599a       0x40 Core/Src/main.o
 .debug_macro   0x00000000000259da       0xd7 Core/Src/main.o
 .debug_macro   0x0000000000025ab1       0x1c Core/Src/main.o
 .debug_macro   0x0000000000025acd       0x3d Core/Src/main.o
 .debug_macro   0x0000000000025b0a       0x16 Core/Src/main.o
 .debug_macro   0x0000000000025b20      0x145 Core/Src/main.o
 .debug_macro   0x0000000000025c65       0x16 Core/Src/main.o
 .debug_macro   0x0000000000025c7b       0x10 Core/Src/main.o
 .debug_macro   0x0000000000025c8b       0x41 Core/Src/main.o
 .debug_macro   0x0000000000025ccc      0x122 Core/Src/main.o
 .debug_macro   0x0000000000025dee      0x40a Core/Src/retarget.o
 .debug_macro   0x00000000000261f8       0x40 Core/Src/retarget.o
 .debug_macro   0x0000000000026238       0x94 Core/Src/retarget.o
 .debug_macro   0x00000000000262cc       0x1c Core/Src/retarget.o
 .debug_macro   0x00000000000262e8       0x10 Core/Src/retarget.o
 .debug_macro   0x00000000000262f8       0x57 Core/Src/retarget.o
 .debug_macro   0x000000000002634f      0x23b Core/Src/retarget.o
 .debug_macro   0x000000000002658a      0x330 Core/Src/retarget.o
 .debug_macro   0x00000000000268ba       0x82 Core/Src/retarget.o
 .debug_macro   0x000000000002693c       0x10 Core/Src/retarget.o
 .debug_macro   0x000000000002694c       0x10 Core/Src/retarget.o
 .debug_macro   0x000000000002695c       0x35 Core/Src/retarget.o
 .debug_macro   0x0000000000026991       0x2b Core/Src/retarget.o
 .debug_macro   0x00000000000269bc      0x118 Core/Src/retarget.o
 .debug_macro   0x0000000000026ad4      0x189 Core/Src/retarget.o
 .debug_macro   0x0000000000026c5d       0x16 Core/Src/retarget.o
 .debug_macro   0x0000000000026c73       0xfb Core/Src/retarget.o
 .debug_macro   0x0000000000026d6e       0x56 Core/Src/retarget.o
 .debug_macro   0x0000000000026dc4      0x128 Core/Src/retarget.o
 .debug_macro   0x0000000000026eec       0x10 Core/Src/retarget.o
 .debug_macro   0x0000000000026efc      0x1f2 Core/Src/stm32l4xx_hal_msp.o
 .debug_macro   0x00000000000270ee      0x1fc Core/Src/stm32l4xx_it.o
 .debug_macro   0x00000000000272ea      0x1ee Core/Src/system_stm32l4xx.o
 .debug_macro   0x00000000000274d8      0x236 Drivers/STM32L4xx_HAL_Driver/Src/stm32l4xx_hal.o
 .debug_macro   0x000000000002770e      0x205 Drivers/STM32L4xx_HAL_Driver/Src/stm32l4xx_hal_adc.o
 .debug_macro   0x0000000000027913      0x1f4 Drivers/STM32L4xx_HAL_Driver/Src/stm32l4xx_hal_adc_ex.o
 .debug_macro   0x0000000000027b07      0x1e8 Drivers/STM32L4xx_HAL_Driver/Src/stm32l4xx_hal_cortex.o
 .debug_macro   0x0000000000027cef      0x227 Drivers/STM32L4xx_HAL_Driver/Src/stm32l4xx_hal_gpio.o
 .debug_macro   0x0000000000027f16      0x20c Drivers/STM32L4xx_HAL_Driver/Src/stm32l4xx_hal_pwr_ex.o
 .debug_macro   0x0000000000028122      0x22a Drivers/STM32L4xx_HAL_Driver/Src/stm32l4xx_hal_rcc.o
 .debug_macro   0x000000000002834c      0x21e Drivers/STM32L4xx_HAL_Driver/Src/stm32l4xx_hal_rcc_ex.o
 .debug_macro   0x000000000002856a      0x213 Drivers/STM32L4xx_HAL_Driver/Src/stm32l4xx_hal_uart.o

.debug_line     0x0000000000000000     0xa163
 .debug_line    0x0000000000000000      0x9d9 Core/Src/main.o
 .debug_line    0x00000000000009d9      0xac1 Core/Src/retarget.o
 .debug_line    0x000000000000149a      0x741 Core/Src/stm32l4xx_hal_msp.o
 .debug_line    0x0000000000001bdb      0x788 Core/Src/stm32l4xx_it.o
 .debug_line    0x0000000000002363      0x710 Core/Src/system_stm32l4xx.o
 .debug_line    0x0000000000002a73       0x87 Core/Startup/startup_stm32l475vgtx.o
 .debug_line    0x0000000000002afa      0x986 Drivers/STM32L4xx_HAL_Driver/Src/stm32l4xx_hal.o
 .debug_line    0x0000000000003480     0x14be Drivers/STM32L4xx_HAL_Driver/Src/stm32l4xx_hal_adc.o
 .debug_line    0x000000000000493e     0x11b7 Drivers/STM32L4xx_HAL_Driver/Src/stm32l4xx_hal_adc_ex.o
 .debug_line    0x0000000000005af5      0xa0e Drivers/STM32L4xx_HAL_Driver/Src/stm32l4xx_hal_cortex.o
 .debug_line    0x0000000000006503      0x8a1 Drivers/STM32L4xx_HAL_Driver/Src/stm32l4xx_hal_gpio.o
 .debug_line    0x0000000000006da4      0xa9a Drivers/STM32L4xx_HAL_Driver/Src/stm32l4xx_hal_pwr_ex.o
 .debug_line    0x000000000000783e      0x9fd Drivers/STM32L4xx_HAL_Driver/Src/stm32l4xx_hal_rcc.o
 .debug_line    0x000000000000823b      0xc93 Drivers/STM32L4xx_HAL_Driver/Src/stm32l4xx_hal_rcc_ex.o
 .debug_line    0x0000000000008ece     0x1295 Drivers/STM32L4xx_HAL_Driver/Src/stm32l4xx_hal_uart.o

.debug_str      0x0000000000000000    0xfc24e
 .debug_str     0x0000000000000000    0xf7c03 Core/Src/main.o
                                      0xf82a0 (size before relaxing)
 .debug_str     0x00000000000f7c03      0xf2e Core/Src/retarget.o
                                      0xf8907 (size before relaxing)
 .debug_str     0x00000000000f8b31       0x77 Core/Src/stm32l4xx_hal_msp.o
                                      0xf3795 (size before relaxing)
 .debug_str     0x00000000000f8ba8       0xbd Core/Src/stm32l4xx_it.o
                                      0xf3011 (size before relaxing)
 .debug_str     0x00000000000f8c65       0xcd Core/Src/system_stm32l4xx.o
                                      0xf3166 (size before relaxing)
 .debug_str     0x00000000000f8d32       0x36 Core/Startup/startup_stm32l475vgtx.o
                                         0x70 (size before relaxing)
 .debug_str     0x00000000000f8d68      0x9de Drivers/STM32L4xx_HAL_Driver/Src/stm32l4xx_hal.o
                                      0xf3c41 (size before relaxing)
 .debug_str     0x00000000000f9746      0x9e3 Drivers/STM32L4xx_HAL_Driver/Src/stm32l4xx_hal_adc.o
                                      0xf3eb9 (size before relaxing)
 .debug_str     0x00000000000fa129      0x705 Drivers/STM32L4xx_HAL_Driver/Src/stm32l4xx_hal_adc_ex.o
                                      0xf3e9c (size before relaxing)
 .debug_str     0x00000000000fa82e      0x389 Drivers/STM32L4xx_HAL_Driver/Src/stm32l4xx_hal_cortex.o
                                      0xf39b1 (size before relaxing)
 .debug_str     0x00000000000fabb7      0x252 Drivers/STM32L4xx_HAL_Driver/Src/stm32l4xx_hal_gpio.o
                                      0xf33e5 (size before relaxing)
 .debug_str     0x00000000000fae09      0x4a4 Drivers/STM32L4xx_HAL_Driver/Src/stm32l4xx_hal_pwr_ex.o
                                      0xf3681 (size before relaxing)
 .debug_str     0x00000000000fb2ad      0x3b5 Drivers/STM32L4xx_HAL_Driver/Src/stm32l4xx_hal_rcc.o
                                      0xf3728 (size before relaxing)
 .debug_str     0x00000000000fb662      0x3a6 Drivers/STM32L4xx_HAL_Driver/Src/stm32l4xx_hal_rcc_ex.o
                                      0xf38b9 (size before relaxing)
 .debug_str     0x00000000000fba08      0x846 Drivers/STM32L4xx_HAL_Driver/Src/stm32l4xx_hal_uart.o
                                      0xf3d1d (size before relaxing)

.comment        0x0000000000000000       0x7b
 .comment       0x0000000000000000       0x7b Core/Src/main.o
                                         0x7c (size before relaxing)
 .comment       0x000000000000007b       0x7c Core/Src/retarget.o
 .comment       0x000000000000007b       0x7c Core/Src/stm32l4xx_hal_msp.o
 .comment       0x000000000000007b       0x7c Core/Src/stm32l4xx_it.o
 .comment       0x000000000000007b       0x7c Core/Src/system_stm32l4xx.o
 .comment       0x000000000000007b       0x7c Drivers/STM32L4xx_HAL_Driver/Src/stm32l4xx_hal.o
 .comment       0x000000000000007b       0x7c Drivers/STM32L4xx_HAL_Driver/Src/stm32l4xx_hal_adc.o
 .comment       0x000000000000007b       0x7c Drivers/STM32L4xx_HAL_Driver/Src/stm32l4xx_hal_adc_ex.o
 .comment       0x000000000000007b       0x7c Drivers/STM32L4xx_HAL_Driver/Src/stm32l4xx_hal_cortex.o
 .comment       0x000000000000007b       0x7c Drivers/STM32L4xx_HAL_Driver/Src/stm32l4xx_hal_gpio.o
 .comment       0x000000000000007b       0x7c Drivers/STM32L4xx_HAL_Driver/Src/stm32l4xx_hal_pwr_ex.o
 .comment       0x000000000000007b       0x7c Drivers/STM32L4xx_HAL_Driver/Src/stm32l4xx_hal_rcc.o
 .comment       0x000000000000007b       0x7c Drivers/STM32L4xx_HAL_Driver/Src/stm32l4xx_hal_rcc_ex.o
 .comment       0x000000000000007b       0x7c Drivers/STM32L4xx_HAL_Driver/Src/stm32l4xx_hal_uart.o

.debug_frame    0x0000000000000000     0x3c3c
 .debug_frame   0x0000000000000000       0xdc Core/Src/main.o
 .debug_frame   0x00000000000000dc      0x10c Core/Src/retarget.o
 .debug_frame   0x00000000000001e8       0xc8 Core/Src/stm32l4xx_hal_msp.o
 .debug_frame   0x00000000000002b0      0x110 Core/Src/stm32l4xx_it.o
 .debug_frame   0x00000000000003c0       0x58 Core/Src/system_stm32l4xx.o
 .debug_frame   0x0000000000000418      0x498 Drivers/STM32L4xx_HAL_Driver/Src/stm32l4xx_hal.o
 .debug_frame   0x00000000000008b0      0xa04 Drivers/STM32L4xx_HAL_Driver/Src/stm32l4xx_hal_adc.o
 .debug_frame   0x00000000000012b4      0x7a4 Drivers/STM32L4xx_HAL_Driver/Src/stm32l4xx_hal_adc_ex.o
 .debug_frame   0x0000000000001a58      0x498 Drivers/STM32L4xx_HAL_Driver/Src/stm32l4xx_hal_cortex.o
 .debug_frame   0x0000000000001ef0      0x14c Drivers/STM32L4xx_HAL_Driver/Src/stm32l4xx_hal_gpio.o
 .debug_frame   0x000000000000203c      0x544 Drivers/STM32L4xx_HAL_Driver/Src/stm32l4xx_hal_pwr_ex.o
 .debug_frame   0x0000000000002580      0x1f4 Drivers/STM32L4xx_HAL_Driver/Src/stm32l4xx_hal_rcc.o
 .debug_frame   0x0000000000002774      0x2fc Drivers/STM32L4xx_HAL_Driver/Src/stm32l4xx_hal_rcc_ex.o
 .debug_frame   0x0000000000002a70      0x974 Drivers/STM32L4xx_HAL_Driver/Src/stm32l4xx_hal_uart.o
 .debug_frame   0x00000000000033e4       0x20 /opt/st/stm32cubeide_1.4.0/plugins/com.st.stm32cube.ide.mcu.externaltools.gnu-tools-for-stm32.7-2018-q2-update.linux64_1.4.0.202007081208/tools/bin/../lib/gcc/arm-none-eabi/7.3.1/../../../../arm-none-eabi/lib/thumb/v7e-m/fpv4-sp/hard/libc_nano.a(lib_a-errno.o)
 .debug_frame   0x0000000000003404       0x2c /opt/st/stm32cubeide_1.4.0/plugins/com.st.stm32cube.ide.mcu.externaltools.gnu-tools-for-stm32.7-2018-q2-update.linux64_1.4.0.202007081208/tools/bin/../lib/gcc/arm-none-eabi/7.3.1/../../../../arm-none-eabi/lib/thumb/v7e-m/fpv4-sp/hard/libc_nano.a(lib_a-init.o)
 .debug_frame   0x0000000000003430       0x20 /opt/st/stm32cubeide_1.4.0/plugins/com.st.stm32cube.ide.mcu.externaltools.gnu-tools-for-stm32.7-2018-q2-update.linux64_1.4.0.202007081208/tools/bin/../lib/gcc/arm-none-eabi/7.3.1/../../../../arm-none-eabi/lib/thumb/v7e-m/fpv4-sp/hard/libc_nano.a(lib_a-memset.o)
 .debug_frame   0x0000000000003450       0x74 /opt/st/stm32cubeide_1.4.0/plugins/com.st.stm32cube.ide.mcu.externaltools.gnu-tools-for-stm32.7-2018-q2-update.linux64_1.4.0.202007081208/tools/bin/../lib/gcc/arm-none-eabi/7.3.1/../../../../arm-none-eabi/lib/thumb/v7e-m/fpv4-sp/hard/libc_nano.a(lib_a-printf.o)
 .debug_frame   0x00000000000034c4       0x3c /opt/st/stm32cubeide_1.4.0/plugins/com.st.stm32cube.ide.mcu.externaltools.gnu-tools-for-stm32.7-2018-q2-update.linux64_1.4.0.202007081208/tools/bin/../lib/gcc/arm-none-eabi/7.3.1/../../../../arm-none-eabi/lib/thumb/v7e-m/fpv4-sp/hard/libc_nano.a(lib_a-puts.o)
 .debug_frame   0x0000000000003500       0x38 /opt/st/stm32cubeide_1.4.0/plugins/com.st.stm32cube.ide.mcu.externaltools.gnu-tools-for-stm32.7-2018-q2-update.linux64_1.4.0.202007081208/tools/bin/../lib/gcc/arm-none-eabi/7.3.1/../../../../arm-none-eabi/lib/thumb/v7e-m/fpv4-sp/hard/libc_nano.a(lib_a-setvbuf.o)
 .debug_frame   0x0000000000003538       0x40 /opt/st/stm32cubeide_1.4.0/plugins/com.st.stm32cube.ide.mcu.externaltools.gnu-tools-for-stm32.7-2018-q2-update.linux64_1.4.0.202007081208/tools/bin/../lib/gcc/arm-none-eabi/7.3.1/../../../../arm-none-eabi/lib/thumb/v7e-m/fpv4-sp/hard/libc_nano.a(lib_a-wbuf.o)
 .debug_frame   0x0000000000003578       0x2c /opt/st/stm32cubeide_1.4.0/plugins/com.st.stm32cube.ide.mcu.externaltools.gnu-tools-for-stm32.7-2018-q2-update.linux64_1.4.0.202007081208/tools/bin/../lib/gcc/arm-none-eabi/7.3.1/../../../../arm-none-eabi/lib/thumb/v7e-m/fpv4-sp/hard/libc_nano.a(lib_a-wsetup.o)
 .debug_frame   0x00000000000035a4       0x68 /opt/st/stm32cubeide_1.4.0/plugins/com.st.stm32cube.ide.mcu.externaltools.gnu-tools-for-stm32.7-2018-q2-update.linux64_1.4.0.202007081208/tools/bin/../lib/gcc/arm-none-eabi/7.3.1/../../../../arm-none-eabi/lib/thumb/v7e-m/fpv4-sp/hard/libc_nano.a(lib_a-fflush.o)
 .debug_frame   0x000000000000360c      0x11c /opt/st/stm32cubeide_1.4.0/plugins/com.st.stm32cube.ide.mcu.externaltools.gnu-tools-for-stm32.7-2018-q2-update.linux64_1.4.0.202007081208/tools/bin/../lib/gcc/arm-none-eabi/7.3.1/../../../../arm-none-eabi/lib/thumb/v7e-m/fpv4-sp/hard/libc_nano.a(lib_a-findfp.o)
 .debug_frame   0x0000000000003728       0x54 /opt/st/stm32cubeide_1.4.0/plugins/com.st.stm32cube.ide.mcu.externaltools.gnu-tools-for-stm32.7-2018-q2-update.linux64_1.4.0.202007081208/tools/bin/../lib/gcc/arm-none-eabi/7.3.1/../../../../arm-none-eabi/lib/thumb/v7e-m/fpv4-sp/hard/libc_nano.a(lib_a-fwalk.o)
 .debug_frame   0x000000000000377c       0x58 /opt/st/stm32cubeide_1.4.0/plugins/com.st.stm32cube.ide.mcu.externaltools.gnu-tools-for-stm32.7-2018-q2-update.linux64_1.4.0.202007081208/tools/bin/../lib/gcc/arm-none-eabi/7.3.1/../../../../arm-none-eabi/lib/thumb/v7e-m/fpv4-sp/hard/libc_nano.a(lib_a-makebuf.o)
 .debug_frame   0x00000000000037d4       0x30 /opt/st/stm32cubeide_1.4.0/plugins/com.st.stm32cube.ide.mcu.externaltools.gnu-tools-for-stm32.7-2018-q2-update.linux64_1.4.0.202007081208/tools/bin/../lib/gcc/arm-none-eabi/7.3.1/../../../../arm-none-eabi/lib/thumb/v7e-m/fpv4-sp/hard/libc_nano.a(lib_a-malloc.o)
 .debug_frame   0x0000000000003804       0x38 /opt/st/stm32cubeide_1.4.0/plugins/com.st.stm32cube.ide.mcu.externaltools.gnu-tools-for-stm32.7-2018-q2-update.linux64_1.4.0.202007081208/tools/bin/../lib/gcc/arm-none-eabi/7.3.1/../../../../arm-none-eabi/lib/thumb/v7e-m/fpv4-sp/hard/libc_nano.a(lib_a-nano-freer.o)